Archive member included to satisfy reference by file (symbol)

e:/stm32cubeide/stm32cubeide_1.8.0/stm32cubeide/plugins/com.st.stm32cube.ide.mcu.externaltools.gnu-tools-for-stm32.9-2020-q2-update.win32_2.0.0.202105311346/tools/bin/../lib/gcc/arm-none-eabi/9.3.1/../../../../arm-none-eabi/lib/thumb/v7e-m+fp/hard\libc_nano.a(lib_a-errno.o)
                              ./Core/Src/syscalls.o (__errno)
e:/stm32cubeide/stm32cubeide_1.8.0/stm32cubeide/plugins/com.st.stm32cube.ide.mcu.externaltools.gnu-tools-for-stm32.9-2020-q2-update.win32_2.0.0.202105311346/tools/bin/../lib/gcc/arm-none-eabi/9.3.1/../../../../arm-none-eabi/lib/thumb/v7e-m+fp/hard\libc_nano.a(lib_a-exit.o)
                              e:/stm32cubeide/stm32cubeide_1.8.0/stm32cubeide/plugins/com.st.stm32cube.ide.mcu.externaltools.gnu-tools-for-stm32.9-2020-q2-update.win32_2.0.0.202105311346/tools/bin/../lib/gcc/arm-none-eabi/9.3.1/../../../../arm-none-eabi/lib/thumb/v7e-m+fp/hard/crt0.o (exit)
e:/stm32cubeide/stm32cubeide_1.8.0/stm32cubeide/plugins/com.st.stm32cube.ide.mcu.externaltools.gnu-tools-for-stm32.9-2020-q2-update.win32_2.0.0.202105311346/tools/bin/../lib/gcc/arm-none-eabi/9.3.1/../../../../arm-none-eabi/lib/thumb/v7e-m+fp/hard\libc_nano.a(lib_a-impure.o)
                              e:/stm32cubeide/stm32cubeide_1.8.0/stm32cubeide/plugins/com.st.stm32cube.ide.mcu.externaltools.gnu-tools-for-stm32.9-2020-q2-update.win32_2.0.0.202105311346/tools/bin/../lib/gcc/arm-none-eabi/9.3.1/../../../../arm-none-eabi/lib/thumb/v7e-m+fp/hard\libc_nano.a(lib_a-exit.o) (_global_impure_ptr)
e:/stm32cubeide/stm32cubeide_1.8.0/stm32cubeide/plugins/com.st.stm32cube.ide.mcu.externaltools.gnu-tools-for-stm32.9-2020-q2-update.win32_2.0.0.202105311346/tools/bin/../lib/gcc/arm-none-eabi/9.3.1/../../../../arm-none-eabi/lib/thumb/v7e-m+fp/hard\libc_nano.a(lib_a-init.o)
                              e:/stm32cubeide/stm32cubeide_1.8.0/stm32cubeide/plugins/com.st.stm32cube.ide.mcu.externaltools.gnu-tools-for-stm32.9-2020-q2-update.win32_2.0.0.202105311346/tools/bin/../lib/gcc/arm-none-eabi/9.3.1/../../../../arm-none-eabi/lib/thumb/v7e-m+fp/hard/crt0.o (__libc_init_array)
e:/stm32cubeide/stm32cubeide_1.8.0/stm32cubeide/plugins/com.st.stm32cube.ide.mcu.externaltools.gnu-tools-for-stm32.9-2020-q2-update.win32_2.0.0.202105311346/tools/bin/../lib/gcc/arm-none-eabi/9.3.1/../../../../arm-none-eabi/lib/thumb/v7e-m+fp/hard\libc_nano.a(lib_a-memcpy-stub.o)
                              ./Middlewares/Third_Party/FreeRTOS/Source/CMSIS_RTOS_V2/cmsis_os2.o (memcpy)
e:/stm32cubeide/stm32cubeide_1.8.0/stm32cubeide/plugins/com.st.stm32cube.ide.mcu.externaltools.gnu-tools-for-stm32.9-2020-q2-update.win32_2.0.0.202105311346/tools/bin/../lib/gcc/arm-none-eabi/9.3.1/../../../../arm-none-eabi/lib/thumb/v7e-m+fp/hard\libc_nano.a(lib_a-memset.o)
                              e:/stm32cubeide/stm32cubeide_1.8.0/stm32cubeide/plugins/com.st.stm32cube.ide.mcu.externaltools.gnu-tools-for-stm32.9-2020-q2-update.win32_2.0.0.202105311346/tools/bin/../lib/gcc/arm-none-eabi/9.3.1/../../../../arm-none-eabi/lib/thumb/v7e-m+fp/hard/crt0.o (memset)
e:/stm32cubeide/stm32cubeide_1.8.0/stm32cubeide/plugins/com.st.stm32cube.ide.mcu.externaltools.gnu-tools-for-stm32.9-2020-q2-update.win32_2.0.0.202105311346/tools/bin/../lib/gcc/arm-none-eabi/9.3.1/thumb/v7e-m+fp/hard\libgcc.a(_aeabi_uldivmod.o)
                              ./Drivers/STM32F4xx_HAL_Driver/Src/stm32f4xx_hal_rcc.o (__aeabi_uldivmod)
e:/stm32cubeide/stm32cubeide_1.8.0/stm32cubeide/plugins/com.st.stm32cube.ide.mcu.externaltools.gnu-tools-for-stm32.9-2020-q2-update.win32_2.0.0.202105311346/tools/bin/../lib/gcc/arm-none-eabi/9.3.1/thumb/v7e-m+fp/hard\libgcc.a(_udivmoddi4.o)
                              e:/stm32cubeide/stm32cubeide_1.8.0/stm32cubeide/plugins/com.st.stm32cube.ide.mcu.externaltools.gnu-tools-for-stm32.9-2020-q2-update.win32_2.0.0.202105311346/tools/bin/../lib/gcc/arm-none-eabi/9.3.1/thumb/v7e-m+fp/hard\libgcc.a(_aeabi_uldivmod.o) (__udivmoddi4)
e:/stm32cubeide/stm32cubeide_1.8.0/stm32cubeide/plugins/com.st.stm32cube.ide.mcu.externaltools.gnu-tools-for-stm32.9-2020-q2-update.win32_2.0.0.202105311346/tools/bin/../lib/gcc/arm-none-eabi/9.3.1/thumb/v7e-m+fp/hard\libgcc.a(_dvmd_tls.o)
                              e:/stm32cubeide/stm32cubeide_1.8.0/stm32cubeide/plugins/com.st.stm32cube.ide.mcu.externaltools.gnu-tools-for-stm32.9-2020-q2-update.win32_2.0.0.202105311346/tools/bin/../lib/gcc/arm-none-eabi/9.3.1/thumb/v7e-m+fp/hard\libgcc.a(_aeabi_uldivmod.o) (__aeabi_ldiv0)

Allocating common symbols
Common symbol       size              file

task_Gx_stk         0x2000            ./Core/freertos/source/freertos_sdfcomb_Gx.o
defaultTaskHandle   0x4               ./Core/Src/main.o
task_timer_Abs      0x4               ./Core/freertos/source/freertos_sdfcomb_Abs.o
tcb_Gy              0x5c              ./Core/freertos/source/freertos_sdfcomb_Gy.o
task_sem_Gx         0x4               ./Core/freertos/source/freertos_sdfcomb_Gx.o
[...]
Memory Configuration

Name             Origin             Length             Attributes
RAM              0x0000000020000000 0x0000000000018000 xrw
FLASH            0x0000000008000000 0x0000000000080000 xr
*default*        0x0000000000000000 0xffffffffffffffff

Linker script and memory map

LOAD e:/stm32cubeide/stm32cubeide_1.8.0/stm32cubeide/plugins/com.st.stm32cube.ide.mcu.externaltools.gnu-tools-for-stm32.9-2020-q2-update.win32_2.0.0.202105311346/tools/bin/../lib/gcc/arm-none-eabi/9.3.1/thumb/v7e-m+fp/hard/crti.o
LOAD e:/stm32cubeide/stm32cubeide_1.8.0/stm32cubeide/plugins/com.st.stm32cube.ide.mcu.externaltools.gnu-tools-for-stm32.9-2020-q2-update.win32_2.0.0.202105311346/tools/bin/../lib/gcc/arm-none-eabi/9.3.1/thumb/v7e-m+fp/hard/crtbegin.o
LOAD e:/stm32cubeide/stm32cubeide_1.8.0/stm32cubeide/plugins/com.st.stm32cube.ide.mcu.externaltools.gnu-tools-for-stm32.9-2020-q2-update.win32_2.0.0.202105311346/tools/bin/../lib/gcc/arm-none-eabi/9.3.1/../../../../arm-none-eabi/lib/thumb/v7e-m+fp/hard/crt0.o
LOAD ./Core/Src/freertos.o
LOAD ./Core/Src/main.o
LOAD ./Core/Src/stm32f4xx_hal_msp.o
LOAD ./Core/Src/stm32f4xx_hal_timebase_tim.o
LOAD ./Core/Src/stm32f4xx_it.o
LOAD ./Core/Src/syscalls.o
LOAD ./Core/Src/sysmem.o
LOAD ./Core/Src/system_stm32f4xx.o
LOAD ./Core/Startup/startup_stm32f401retx.o
LOAD ./Core/freertos/source/error.o
LOAD ./Core/freertos/source/freertos_StartTask.o
LOAD ./Core/freertos/source/freertos_sdfchannel_absxsig.o
LOAD ./Core/freertos/source/freertos_sdfchannel_absysig.o
LOAD ./Core/freertos/source/freertos_sdfchannel_gxsig.o
LOAD ./Core/freertos/source/freertos_sdfchannel_gysig.o
LOAD ./Core/freertos/source/freertos_sdfcomb_Abs.o
LOAD ./Core/freertos/source/freertos_sdfcomb_Gx.o
LOAD ./Core/freertos/source/freertos_sdfcomb_Gy.o
LOAD ./Core/freertos/source/freertos_sdfcomb_getPx.o
LOAD ./Core/freertos/source/system.o
LOAD ./Drivers/STM32F4xx_HAL_Driver/Src/stm32f4xx_hal.o
LOAD ./Drivers/STM32F4xx_HAL_Driver/Src/stm32f4xx_hal_cortex.o
LOAD ./Drivers/STM32F4xx_HAL_Driver/Src/stm32f4xx_hal_dma.o
LOAD ./Drivers/STM32F4xx_HAL_Driver/Src/stm32f4xx_hal_dma_ex.o
LOAD ./Drivers/STM32F4xx_HAL_Driver/Src/stm32f4xx_hal_exti.o
LOAD ./Drivers/STM32F4xx_HAL_Driver/Src/stm32f4xx_hal_flash.o
LOAD ./Drivers/STM32F4xx_HAL_Driver/Src/stm32f4xx_hal_flash_ex.o
LOAD ./Drivers/STM32F4xx_HAL_Driver/Src/stm32f4xx_hal_flash_ramfunc.o
LOAD ./Drivers/STM32F4xx_HAL_Driver/Src/stm32f4xx_hal_gpio.o
LOAD ./Drivers/STM32F4xx_HAL_Driver/Src/stm32f4xx_hal_pwr.o
LOAD ./Drivers/STM32F4xx_HAL_Driver/Src/stm32f4xx_hal_pwr_ex.o
LOAD ./Drivers/STM32F4xx_HAL_Driver/Src/stm32f4xx_hal_rcc.o
LOAD ./Drivers/STM32F4xx_HAL_Driver/Src/stm32f4xx_hal_rcc_ex.o
LOAD ./Drivers/STM32F4xx_HAL_Driver/Src/stm32f4xx_hal_tim.o
LOAD ./Drivers/STM32F4xx_HAL_Driver/Src/stm32f4xx_hal_tim_ex.o
LOAD ./Drivers/STM32F4xx_HAL_Driver/Src/stm32f4xx_hal_uart.o
LOAD ./Middlewares/Third_Party/FreeRTOS/Source/CMSIS_RTOS_V2/cmsis_os2.o
LOAD ./Middlewares/Third_Party/FreeRTOS/Source/croutine.o
LOAD ./Middlewares/Third_Party/FreeRTOS/Source/event_groups.o
LOAD ./Middlewares/Third_Party/FreeRTOS/Source/list.o
LOAD ./Middlewares/Third_Party/FreeRTOS/Source/queue.o
LOAD ./Middlewares/Third_Party/FreeRTOS/Source/stream_buffer.o
LOAD ./Middlewares/Third_Party/FreeRTOS/Source/tasks.o
LOAD ./Middlewares/Third_Party/FreeRTOS/Source/timers.o
LOAD ./Middlewares/Third_Party/FreeRTOS/Source/portable/GCC/ARM_CM4F/port.o
LOAD ./Middlewares/Third_Party/FreeRTOS/Source/portable/MemMang/heap_4.o
START GROUP
LOAD e:/stm32cubeide/stm32cubeide_1.8.0/stm32cubeide/plugins/com.st.stm32cube.ide.mcu.externaltools.gnu-tools-for-stm32.9-2020-q2-update.win32_2.0.0.202105311346/tools/bin/../lib/gcc/arm-none-eabi/9.3.1/../../../../arm-none-eabi/lib/thumb/v7e-m+fp/hard\libc_nano.a
LOAD e:/stm32cubeide/stm32cubeide_1.8.0/stm32cubeide/plugins/com.st.stm32cube.ide.mcu.externaltools.gnu-tools-for-stm32.9-2020-q2-update.win32_2.0.0.202105311346/tools/bin/../lib/gcc/arm-none-eabi/9.3.1/../../../../arm-none-eabi/lib/thumb/v7e-m+fp/hard\libm.a
END GROUP
START GROUP
LOAD e:/stm32cubeide/stm32cubeide_1.8.0/stm32cubeide/plugins/com.st.stm32cube.ide.mcu.externaltools.gnu-tools-for-stm32.9-2020-q2-update.win32_2.0.0.202105311346/tools/bin/../lib/gcc/arm-none-eabi/9.3.1/thumb/v7e-m+fp/hard\libgcc.a
LOAD e:/stm32cubeide/stm32cubeide_1.8.0/stm32cubeide/plugins/com.st.stm32cube.ide.mcu.externaltools.gnu-tools-for-stm32.9-2020-q2-update.win32_2.0.0.202105311346/tools/bin/../lib/gcc/arm-none-eabi/9.3.1/../../../../arm-none-eabi/lib/thumb/v7e-m+fp/hard\libc_nano.a
END GROUP
START GROUP
LOAD e:/stm32cubeide/stm32cubeide_1.8.0/stm32cubeide/plugins/com.st.stm32cube.ide.mcu.externaltools.gnu-tools-for-stm32.9-2020-q2-update.win32_2.0.0.202105311346/tools/bin/../lib/gcc/arm-none-eabi/9.3.1/thumb/v7e-m+fp/hard\libgcc.a
LOAD e:/stm32cubeide/stm32cubeide_1.8.0/stm32cubeide/plugins/com.st.stm32cube.ide.mcu.externaltools.gnu-tools-for-stm32.9-2020-q2-update.win32_2.0.0.202105311346/tools/bin/../lib/gcc/arm-none-eabi/9.3.1/../../../../arm-none-eabi/lib/thumb/v7e-m+fp/hard\libc_nano.a
LOAD e:/stm32cubeide/stm32cubeide_1.8.0/stm32cubeide/plugins/com.st.stm32cube.ide.mcu.externaltools.gnu-tools-for-stm32.9-2020-q2-update.win32_2.0.0.202105311346/tools/bin/../lib/gcc/arm-none-eabi/9.3.1/../../../../arm-none-eabi/lib/thumb/v7e-m+fp/hard\libnosys.a
END GROUP
START GROUP
LOAD e:/stm32cubeide/stm32cubeide_1.8.0/stm32cubeide/plugins/com.st.stm32cube.ide.mcu.externaltools.gnu-tools-for-stm32.9-2020-q2-update.win32_2.0.0.202105311346/tools/bin/../lib/gcc/arm-none-eabi/9.3.1/thumb/v7e-m+fp/hard\libgcc.a
LOAD e:/stm32cubeide/stm32cubeide_1.8.0/stm32cubeide/plugins/com.st.stm32cube.ide.mcu.externaltools.gnu-tools-for-stm32.9-2020-q2-update.win32_2.0.0.202105311346/tools/bin/../lib/gcc/arm-none-eabi/9.3.1/../../../../arm-none-eabi/lib/thumb/v7e-m+fp/hard\libc_nano.a
LOAD e:/stm32cubeide/stm32cubeide_1.8.0/stm32cubeide/plugins/com.st.stm32cube.ide.mcu.externaltools.gnu-tools-for-stm32.9-2020-q2-update.win32_2.0.0.202105311346/tools/bin/../lib/gcc/arm-none-eabi/9.3.1/../../../../arm-none-eabi/lib/thumb/v7e-m+fp/hard\libnosys.a
END GROUP
LOAD e:/stm32cubeide/stm32cubeide_1.8.0/stm32cubeide/plugins/com.st.stm32cube.ide.mcu.externaltools.gnu-tools-for-stm32.9-2020-q2-update.win32_2.0.0.202105311346/tools/bin/../lib/gcc/arm-none-eabi/9.3.1/thumb/v7e-m+fp/hard/crtend.o
LOAD e:/stm32cubeide/stm32cubeide_1.8.0/stm32cubeide/plugins/com.st.stm32cube.ide.mcu.externaltools.gnu-tools-for-stm32.9-2020-q2-update.win32_2.0.0.202105311346/tools/bin/../lib/gcc/arm-none-eabi/9.3.1/thumb/v7e-m+fp/hard/crtn.o
                0x0000000020018000                _estack = (ORIGIN (RAM) + LENGTH (RAM))
                0x0000000000000200                _Min_Heap_Size = 0x200
                0x0000000000000400                _Min_Stack_Size = 0x400

.isr_vector     0x0000000008000000      0x194
                0x0000000008000000                . = ALIGN (0x4)
 *(.isr_vector)
 .isr_vector    0x0000000008000000      0x194 ./Core/Startup/startup_stm32f401retx.o
                0x0000000008000000                g_pfnVectors
                0x0000000008000194                . = ALIGN (0x4)

.text           0x00000000080001a0     0x5c38
                0x00000000080001a0                . = ALIGN (0x4)
 *(.text)
 .text          0x00000000080001a0       0x40 e:/stm32cubeide/stm32cubeide_1.8.0/stm32cubeide/plugins/com.st.stm32cube.ide.mcu.externaltools.gnu-tools-for-stm32.9-2020-q2-update.win32_2.0.0.202105311346/tools/bin/../lib/gcc/arm-none-eabi/9.3.1/thumb/v7e-m+fp/hard/crtbegin.o
 .text          0x00000000080001e0       0x30 e:/stm32cubeide/stm32cubeide_1.8.0/stm32cubeide/plugins/com.st.stm32cube.ide.mcu.externaltools.gnu-tools-for-stm32.9-2020-q2-update.win32_2.0.0.202105311346/tools/bin/../lib/gcc/arm-none-eabi/9.3.1/thumb/v7e-m+fp/hard\libgcc.a(_aeabi_uldivmod.o)
                0x00000000080001e0                __aeabi_uldivmod
 .text          0x0000000008000210      0x2c4 e:/stm32cubeide/stm32cubeide_1.8.0/stm32cubeide/plugins/com.st.stm32cube.ide.mcu.externaltools.gnu-tools-for-stm32.9-2020-q2-update.win32_2.0.0.202105311346/tools/bin/../lib/gcc/arm-none-eabi/9.3.1/thumb/v7e-m+fp/hard\libgcc.a(_udivmoddi4.o)
                0x0000000008000210                __udivmoddi4
 .text          0x00000000080004d4        0x4 e:/stm32cubeide/stm32cubeide_1.8.0/stm32cubeide/plugins/com.st.stm32cube.ide.mcu.externaltools.gnu-tools-for-stm32.9-2020-q2-update.win32_2.0.0.202105311346/tools/bin/../lib/gcc/arm-none-eabi/9.3.1/thumb/v7e-m+fp/hard\libgcc.a(_dvmd_tls.o)
                0x00000000080004d4                __aeabi_idiv0
                0x00000000080004d4                __aeabi_ldiv0
 *(.text*)
 .text.main     0x00000000080004d8       0x1e ./Core/Src/main.o
                0x00000000080004d8                main
 *fill*         0x00000000080004f6        0x2 
 .text.SystemClock_Config
                0x00000000080004f8       0xd8 ./Core/Src/main.o
                0x00000000080004f8                SystemClock_Config
 .text.MX_USART2_UART_Init
                0x00000000080005d0       0x54 ./Core/Src/main.o
 .text.MX_GPIO_Init
                0x0000000008000624      0x108 ./Core/Src/main.o
 .text.HAL_TIM_PeriodElapsedCallback
                0x000000000800072c       0x24 ./Core/Src/main.o
                0x000000000800072c                HAL_TIM_PeriodElapsedCallback
 .text.Error_Handler
                0x0000000008000750        0xa ./Core/Src/main.o
                0x0000000008000750                Error_Handler
 *fill*         0x000000000800075a        0x2 
 .text.HAL_MspInit
                0x000000000800075c       0x58 ./Core/Src/stm32f4xx_hal_msp.o
                0x000000000800075c                HAL_MspInit
 .text.HAL_UART_MspInit
                0x00000000080007b4       0x90 ./Core/Src/stm32f4xx_hal_msp.o
                0x00000000080007b4                HAL_UART_MspInit
 .text.HAL_InitTick
                0x0000000008000844       0xb0 ./Core/Src/stm32f4xx_hal_timebase_tim.o
                0x0000000008000844                HAL_InitTick
 .text.NMI_Handler
                0x00000000080008f4        0x6 ./Core/Src/stm32f4xx_it.o
                0x00000000080008f4                NMI_Handler
 .text.HardFault_Handler
                0x00000000080008fa        0x6 ./Core/Src/stm32f4xx_it.o
                0x00000000080008fa                HardFault_Handler
 .text.MemManage_Handler
                0x0000000008000900        0x6 ./Core/Src/stm32f4xx_it.o
                0x0000000008000900                MemManage_Handler
 .text.BusFault_Handler
                0x0000000008000906        0x6 ./Core/Src/stm32f4xx_it.o
                0x0000000008000906                BusFault_Handler
 .text.UsageFault_Handler
                0x000000000800090c        0x6 ./Core/Src/stm32f4xx_it.o
                0x000000000800090c                UsageFault_Handler
 .text.DebugMon_Handler
                0x0000000008000912        0xe ./Core/Src/stm32f4xx_it.o
                0x0000000008000912                DebugMon_Handler
 .text.TIM1_UP_TIM10_IRQHandler
                0x0000000008000920       0x14 ./Core/Src/stm32f4xx_it.o
                0x0000000008000920                TIM1_UP_TIM10_IRQHandler
 .text.SystemInit
                0x0000000008000934       0x24 ./Core/Src/system_stm32f4xx.o
                0x0000000008000934                SystemInit
 .text.Reset_Handler
                0x0000000008000958       0x50 ./Core/Startup/startup_stm32f401retx.o
                0x0000000008000958                Reset_Handler
 .text.Default_Handler
                0x00000000080009a8        0x2 ./Core/Startup/startup_stm32f401retx.o
                0x00000000080009a8                RTC_Alarm_IRQHandler
                0x00000000080009a8                EXTI2_IRQHandler
                0x00000000080009a8                SPI4_IRQHandler
                0x00000000080009a8                TIM1_CC_IRQHandler
                0x00000000080009a8                DMA2_Stream5_IRQHandler
                0x00000000080009a8                DMA1_Stream5_IRQHandler
                0x00000000080009a8                PVD_IRQHandler
                0x00000000080009a8                SDIO_IRQHandler
                0x00000000080009a8                TAMP_STAMP_IRQHandler
                0x00000000080009a8                EXTI3_IRQHandler
                0x00000000080009a8                I2C3_ER_IRQHandler
                0x00000000080009a8                EXTI0_IRQHandler
                0x00000000080009a8                I2C2_EV_IRQHandler
                0x00000000080009a8                DMA1_Stream2_IRQHandler
                0x00000000080009a8                FPU_IRQHandler
                0x00000000080009a8                DMA2_Stream2_IRQHandler
                0x00000000080009a8                SPI1_IRQHandler
                0x00000000080009a8                TIM1_BRK_TIM9_IRQHandler
                0x00000000080009a8                DMA2_Stream3_IRQHandler
                0x00000000080009a8                USART6_IRQHandler
                0x00000000080009a8                DMA2_Stream0_IRQHandler
                0x00000000080009a8                TIM4_IRQHandler
                0x00000000080009a8                I2C1_EV_IRQHandler
                0x00000000080009a8                DMA1_Stream6_IRQHandler
                0x00000000080009a8                DMA1_Stream1_IRQHandler
                0x00000000080009a8                TIM3_IRQHandler
                0x00000000080009a8                RCC_IRQHandler
                0x00000000080009a8                Default_Handler
                0x00000000080009a8                EXTI15_10_IRQHandler
                0x00000000080009a8                ADC_IRQHandler
                0x00000000080009a8                DMA1_Stream7_IRQHandler
                0x00000000080009a8                TIM5_IRQHandler
                0x00000000080009a8                DMA2_Stream7_IRQHandler
                0x00000000080009a8                I2C3_EV_IRQHandler
                0x00000000080009a8                EXTI9_5_IRQHandler
                0x00000000080009a8                RTC_WKUP_IRQHandler
                0x00000000080009a8                SPI2_IRQHandler
                0x00000000080009a8                DMA1_Stream0_IRQHandler
                0x00000000080009a8                EXTI4_IRQHandler
                0x00000000080009a8                WWDG_IRQHandler
                0x00000000080009a8                TIM2_IRQHandler
                0x00000000080009a8                OTG_FS_WKUP_IRQHandler
                0x00000000080009a8                TIM1_TRG_COM_TIM11_IRQHandler
                0x00000000080009a8                EXTI1_IRQHandler
                0x00000000080009a8                USART2_IRQHandler
                0x00000000080009a8                I2C2_ER_IRQHandler
                0x00000000080009a8                DMA2_Stream1_IRQHandler
                0x00000000080009a8                FLASH_IRQHandler
                0x00000000080009a8                DMA2_Stream4_IRQHandler
                0x00000000080009a8                USART1_IRQHandler
                0x00000000080009a8                OTG_FS_IRQHandler
                0x00000000080009a8                SPI3_IRQHandler
                0x00000000080009a8                DMA1_Stream4_IRQHandler
                0x00000000080009a8                I2C1_ER_IRQHandler
                0x00000000080009a8                DMA2_Stream6_IRQHandler
                0x00000000080009a8                DMA1_Stream3_IRQHandler
 *fill*         0x00000000080009aa        0x2 
 .text.write    0x00000000080009ac       0x44 ./Core/freertos/source/error.o
                0x00000000080009ac                write
 .text.StartTask
                0x00000000080009f0      0x2b8 ./Core/freertos/source/freertos_StartTask.o
                0x00000000080009f0                StartTask
 .text.read_channel_in_resx
                0x0000000008000ca8       0x3c ./Core/freertos/source/freertos_sdfcomb_Abs.o
 .text.read_channel_in_resy
                0x0000000008000ce4       0x3c ./Core/freertos/source/freertos_sdfcomb_Abs.o
 .text.timer_Abs_callback
                0x0000000008000d20       0x24 ./Core/freertos/source/freertos_sdfcomb_Abs.o
                0x0000000008000d20                timer_Abs_callback
 .text.combinator
                0x0000000008000d44       0x38 ./Core/freertos/source/freertos_sdfcomb_Abs.o
 .text.task_Abs
                0x0000000008000d7c      0x120 ./Core/freertos/source/freertos_sdfcomb_Abs.o
                0x0000000008000d7c                task_Abs
 .text.read_channel_in_gx
                0x0000000008000e9c       0x3c ./Core/freertos/source/freertos_sdfcomb_Gx.o
 .text.write_channel_in_resx
                0x0000000008000ed8       0x3e ./Core/freertos/source/freertos_sdfcomb_Gx.o
 *fill*         0x0000000008000f16        0x2 
 .text.timer_Gx_callback
                0x0000000008000f18       0x24 ./Core/freertos/source/freertos_sdfcomb_Gx.o
                0x0000000008000f18                timer_Gx_callback
 .text.combinator
                0x0000000008000f3c       0x3c ./Core/freertos/source/freertos_sdfcomb_Gx.o
 .text.task_Gx  0x0000000008000f78      0x120 ./Core/freertos/source/freertos_sdfcomb_Gx.o
                0x0000000008000f78                task_Gx
 .text.read_channel_in_gy
                0x0000000008001098       0x3c ./Core/freertos/source/freertos_sdfcomb_Gy.o
 .text.write_channel_in_resy
                0x00000000080010d4       0x3e ./Core/freertos/source/freertos_sdfcomb_Gy.o
 *fill*         0x0000000008001112        0x2 
 .text.timer_Gy_callback
                0x0000000008001114       0x24 ./Core/freertos/source/freertos_sdfcomb_Gy.o
                0x0000000008001114                timer_Gy_callback
 .text.combinator
                0x0000000008001138       0x3c ./Core/freertos/source/freertos_sdfcomb_Gy.o
 .text.task_Gy  0x0000000008001174      0x120 ./Core/freertos/source/freertos_sdfcomb_Gy.o
                0x0000000008001174                task_Gy
 .text.write_channel_in_gx
                0x0000000008001294       0x3e ./Core/freertos/source/freertos_sdfcomb_getPx.o
 .text.write_channel_in_gy
                0x00000000080012d2       0x3e ./Core/freertos/source/freertos_sdfcomb_getPx.o
 .text.timer_getPx_callback
                0x0000000008001310       0x24 ./Core/freertos/source/freertos_sdfcomb_getPx.o
                0x0000000008001310                timer_getPx_callback
 .text.combinator
                0x0000000008001334       0x38 ./Core/freertos/source/freertos_sdfcomb_getPx.o
 .text.task_getPx
                0x000000000800136c       0xe4 ./Core/freertos/source/freertos_sdfcomb_getPx.o
                0x000000000800136c                task_getPx
 .text.subsystem
                0x0000000008001450       0x3c ./Core/freertos/source/system.o
                0x0000000008001450                subsystem
 .text.HAL_Init
                0x000000000800148c       0x44 ./Drivers/STM32F4xx_HAL_Driver/Src/stm32f4xx_hal.o
                0x000000000800148c                HAL_Init
 .text.HAL_IncTick
                0x00000000080014d0       0x28 ./Drivers/STM32F4xx_HAL_Driver/Src/stm32f4xx_hal.o
                0x00000000080014d0                HAL_IncTick
 .text.HAL_GetTick
                0x00000000080014f8       0x18 ./Drivers/STM32F4xx_HAL_Driver/Src/stm32f4xx_hal.o
                0x00000000080014f8                HAL_GetTick
 .text.HAL_Delay
                0x0000000008001510       0x48 ./Drivers/STM32F4xx_HAL_Driver/Src/stm32f4xx_hal.o
                0x0000000008001510                HAL_Delay
 .text.__NVIC_SetPriorityGrouping
                0x0000000008001558       0x48 ./Drivers/STM32F4xx_HAL_Driver/Src/stm32f4xx_hal_cortex.o
 .text.__NVIC_GetPriorityGrouping
                0x00000000080015a0       0x1c ./Drivers/STM32F4xx_HAL_Driver/Src/stm32f4xx_hal_cortex.o
 .text.__NVIC_EnableIRQ
                0x00000000080015bc       0x3c ./Drivers/STM32F4xx_HAL_Driver/Src/stm32f4xx_hal_cortex.o
 .text.__NVIC_SetPriority
                0x00000000080015f8       0x54 ./Drivers/STM32F4xx_HAL_Driver/Src/stm32f4xx_hal_cortex.o
 .text.NVIC_EncodePriority
                0x000000000800164c       0x66 ./Drivers/STM32F4xx_HAL_Driver/Src/stm32f4xx_hal_cortex.o
 .text.HAL_NVIC_SetPriorityGrouping
                0x00000000080016b2       0x16 ./Drivers/STM32F4xx_HAL_Driver/Src/stm32f4xx_hal_cortex.o
                0x00000000080016b2                HAL_NVIC_SetPriorityGrouping
 .text.HAL_NVIC_SetPriority
                0x00000000080016c8       0x38 ./Drivers/STM32F4xx_HAL_Driver/Src/stm32f4xx_hal_cortex.o
                0x00000000080016c8                HAL_NVIC_SetPriority
 .text.HAL_NVIC_EnableIRQ
                0x0000000008001700       0x1c ./Drivers/STM32F4xx_HAL_Driver/Src/stm32f4xx_hal_cortex.o
                0x0000000008001700                HAL_NVIC_EnableIRQ
 .text.HAL_GPIO_Init
                0x000000000800171c      0x308 ./Drivers/STM32F4xx_HAL_Driver/Src/stm32f4xx_hal_gpio.o
                0x000000000800171c                HAL_GPIO_Init
 .text.HAL_GPIO_WritePin
                0x0000000008001a24       0x32 ./Drivers/STM32F4xx_HAL_Driver/Src/stm32f4xx_hal_gpio.o
                0x0000000008001a24                HAL_GPIO_WritePin
 *fill*         0x0000000008001a56        0x2 
 .text.HAL_RCC_OscConfig
                0x0000000008001a58      0x4f0 ./Drivers/STM32F4xx_HAL_Driver/Src/stm32f4xx_hal_rcc.o
                0x0000000008001a58                HAL_RCC_OscConfig
 .text.HAL_RCC_ClockConfig
                0x0000000008001f48      0x1cc ./Drivers/STM32F4xx_HAL_Driver/Src/stm32f4xx_hal_rcc.o
                0x0000000008001f48                HAL_RCC_ClockConfig
 .text.HAL_RCC_GetSysClockFreq
                0x0000000008002114      0x1c4 ./Drivers/STM32F4xx_HAL_Driver/Src/stm32f4xx_hal_rcc.o
                0x0000000008002114                HAL_RCC_GetSysClockFreq
 .text.HAL_RCC_GetHCLKFreq
                0x00000000080022d8       0x18 ./Drivers/STM32F4xx_HAL_Driver/Src/stm32f4xx_hal_rcc.o
                0x00000000080022d8                HAL_RCC_GetHCLKFreq
 .text.HAL_RCC_GetPCLK1Freq
                0x00000000080022f0       0x28 ./Drivers/STM32F4xx_HAL_Driver/Src/stm32f4xx_hal_rcc.o
                0x00000000080022f0                HAL_RCC_GetPCLK1Freq
 .text.HAL_RCC_GetPCLK2Freq
                0x0000000008002318       0x28 ./Drivers/STM32F4xx_HAL_Driver/Src/stm32f4xx_hal_rcc.o
                0x0000000008002318                HAL_RCC_GetPCLK2Freq
 .text.HAL_RCC_GetClockConfig
                0x0000000008002340       0x64 ./Drivers/STM32F4xx_HAL_Driver/Src/stm32f4xx_hal_rcc.o
                0x0000000008002340                HAL_RCC_GetClockConfig
 .text.HAL_TIM_Base_Init
                0x00000000080023a4       0x9e ./Drivers/STM32F4xx_HAL_Driver/Src/stm32f4xx_hal_tim.o
                0x00000000080023a4                HAL_TIM_Base_Init
 .text.HAL_TIM_Base_MspInit
                0x0000000008002442       0x14 ./Drivers/STM32F4xx_HAL_Driver/Src/stm32f4xx_hal_tim.o
                0x0000000008002442                HAL_TIM_Base_MspInit
 *fill*         0x0000000008002456        0x2 
 .text.HAL_TIM_Base_Start_IT
                0x0000000008002458       0xc4 ./Drivers/STM32F4xx_HAL_Driver/Src/stm32f4xx_hal_tim.o
                0x0000000008002458                HAL_TIM_Base_Start_IT
 .text.HAL_TIM_IRQHandler
                0x000000000800251c      0x210 ./Drivers/STM32F4xx_HAL_Driver/Src/stm32f4xx_hal_tim.o
                0x000000000800251c                HAL_TIM_IRQHandler
 .text.HAL_TIM_OC_DelayElapsedCallback
                0x000000000800272c       0x14 ./Drivers/STM32F4xx_HAL_Driver/Src/stm32f4xx_hal_tim.o
                0x000000000800272c                HAL_TIM_OC_DelayElapsedCallback
 .text.HAL_TIM_IC_CaptureCallback
                0x0000000008002740       0x14 ./Drivers/STM32F4xx_HAL_Driver/Src/stm32f4xx_hal_tim.o
                0x0000000008002740                HAL_TIM_IC_CaptureCallback
 .text.HAL_TIM_PWM_PulseFinishedCallback
                0x0000000008002754       0x14 ./Drivers/STM32F4xx_HAL_Driver/Src/stm32f4xx_hal_tim.o
                0x0000000008002754                HAL_TIM_PWM_PulseFinishedCallback
 .text.HAL_TIM_TriggerCallback
                0x0000000008002768       0x14 ./Drivers/STM32F4xx_HAL_Driver/Src/stm32f4xx_hal_tim.o
                0x0000000008002768                HAL_TIM_TriggerCallback
 .text.TIM_Base_SetConfig
                0x000000000800277c      0x100 ./Drivers/STM32F4xx_HAL_Driver/Src/stm32f4xx_hal_tim.o
                0x000000000800277c                TIM_Base_SetConfig
 .text.HAL_TIMEx_CommutCallback
                0x000000000800287c       0x14 ./Drivers/STM32F4xx_HAL_Driver/Src/stm32f4xx_hal_tim_ex.o
                0x000000000800287c                HAL_TIMEx_CommutCallback
 .text.HAL_TIMEx_BreakCallback
                0x0000000008002890       0x14 ./Drivers/STM32F4xx_HAL_Driver/Src/stm32f4xx_hal_tim_ex.o
                0x0000000008002890                HAL_TIMEx_BreakCallback
 .text.HAL_UART_Init
                0x00000000080028a4       0x9a ./Drivers/STM32F4xx_HAL_Driver/Src/stm32f4xx_hal_uart.o
                0x00000000080028a4                HAL_UART_Init
 .text.HAL_UART_Transmit
                0x000000000800293e      0x124 ./Drivers/STM32F4xx_HAL_Driver/Src/stm32f4xx_hal_uart.o
                0x000000000800293e                HAL_UART_Transmit
 .text.UART_WaitOnFlagUntilTimeout
                0x0000000008002a62       0xdc ./Drivers/STM32F4xx_HAL_Driver/Src/stm32f4xx_hal_uart.o
 *fill*         0x0000000008002b3e        0x2 
 .text.UART_SetConfig
                0x0000000008002b40      0x390 ./Drivers/STM32F4xx_HAL_Driver/Src/stm32f4xx_hal_uart.o
 .text.SysTick_Handler
                0x0000000008002ed0       0x20 ./Middlewares/Third_Party/FreeRTOS/Source/CMSIS_RTOS_V2/cmsis_os2.o
                0x0000000008002ed0                SysTick_Handler
 .text.osKernelInitialize
                0x0000000008002ef0       0x48 ./Middlewares/Third_Party/FreeRTOS/Source/CMSIS_RTOS_V2/cmsis_os2.o
                0x0000000008002ef0                osKernelInitialize
 .text.vApplicationGetIdleTaskMemory
                0x0000000008002f38       0x34 ./Middlewares/Third_Party/FreeRTOS/Source/CMSIS_RTOS_V2/cmsis_os2.o
                0x0000000008002f38                vApplicationGetIdleTaskMemory
 .text.vApplicationGetTimerTaskMemory
                0x0000000008002f6c       0x34 ./Middlewares/Third_Party/FreeRTOS/Source/CMSIS_RTOS_V2/cmsis_os2.o
                0x0000000008002f6c                vApplicationGetTimerTaskMemory
 .text.vListInitialise
                0x0000000008002fa0       0x40 ./Middlewares/Third_Party/FreeRTOS/Source/list.o
                0x0000000008002fa0                vListInitialise
 .text.vListInitialiseItem
                0x0000000008002fe0       0x1a ./Middlewares/Third_Party/FreeRTOS/Source/list.o
                0x0000000008002fe0                vListInitialiseItem
 .text.vListInsertEnd
                0x0000000008002ffa       0x48 ./Middlewares/Third_Party/FreeRTOS/Source/list.o
                0x0000000008002ffa                vListInsertEnd
 .text.vListInsert
                0x0000000008003042       0x72 ./Middlewares/Third_Party/FreeRTOS/Source/list.o
                0x0000000008003042                vListInsert
 .text.uxListRemove
                0x00000000080030b4       0x54 ./Middlewares/Third_Party/FreeRTOS/Source/list.o
                0x00000000080030b4                uxListRemove
 .text.xQueueGenericReset
                0x0000000008003108       0xd0 ./Middlewares/Third_Party/FreeRTOS/Source/queue.o
                0x0000000008003108                xQueueGenericReset
 .text.xQueueGenericCreateStatic
                0x00000000080031d8       0xf0 ./Middlewares/Third_Party/FreeRTOS/Source/queue.o
                0x00000000080031d8                xQueueGenericCreateStatic
 .text.xQueueGenericCreate
                0x00000000080032c8       0x74 ./Middlewares/Third_Party/FreeRTOS/Source/queue.o
                0x00000000080032c8                xQueueGenericCreate
 .text.prvInitialiseNewQueue
                0x000000000800333c       0x46 ./Middlewares/Third_Party/FreeRTOS/Source/queue.o
 *fill*         0x0000000008003382        0x2 
 .text.xQueueGenericSend
                0x0000000008003384      0x1fc ./Middlewares/Third_Party/FreeRTOS/Source/queue.o
                0x0000000008003384                xQueueGenericSend
 .text.xQueueGenericSendFromISR
                0x0000000008003580      0x136 ./Middlewares/Third_Party/FreeRTOS/Source/queue.o
                0x0000000008003580                xQueueGenericSendFromISR
 *fill*         0x00000000080036b6        0x2 
 .text.xQueueReceive
                0x00000000080036b8      0x1c0 ./Middlewares/Third_Party/FreeRTOS/Source/queue.o
                0x00000000080036b8                xQueueReceive
 .text.xQueueSemaphoreTake
                0x0000000008003878      0x218 ./Middlewares/Third_Party/FreeRTOS/Source/queue.o
                0x0000000008003878                xQueueSemaphoreTake
 .text.prvGetDisinheritPriorityAfterTimeout
                0x0000000008003a90       0x30 ./Middlewares/Third_Party/FreeRTOS/Source/queue.o
 .text.prvCopyDataToQueue
                0x0000000008003ac0       0xd4 ./Middlewares/Third_Party/FreeRTOS/Source/queue.o
 .text.prvCopyDataFromQueue
                0x0000000008003b94       0x4c ./Middlewares/Third_Party/FreeRTOS/Source/queue.o
 .text.prvUnlockQueue
                0x0000000008003be0       0xa4 ./Middlewares/Third_Party/FreeRTOS/Source/queue.o
 .text.prvIsQueueEmpty
                0x0000000008003c84       0x2c ./Middlewares/Third_Party/FreeRTOS/Source/queue.o
 .text.prvIsQueueFull
                0x0000000008003cb0       0x30 ./Middlewares/Third_Party/FreeRTOS/Source/queue.o
 .text.vQueueAddToRegistry
                0x0000000008003ce0       0x54 ./Middlewares/Third_Party/FreeRTOS/Source/queue.o
                0x0000000008003ce0                vQueueAddToRegistry
 .text.vQueueWaitForMessageRestricted
                0x0000000008003d34       0x68 ./Middlewares/Third_Party/FreeRTOS/Source/queue.o
                0x0000000008003d34                vQueueWaitForMessageRestricted
 .text.xTaskCreateStatic
                0x0000000008003d9c       0xba ./Middlewares/Third_Party/FreeRTOS/Source/tasks.o
                0x0000000008003d9c                xTaskCreateStatic
 .text.prvInitialiseNewTask
                0x0000000008003e56      0x11e ./Middlewares/Third_Party/FreeRTOS/Source/tasks.o
 .text.prvAddNewTaskToReadyList
                0x0000000008003f74       0xe0 ./Middlewares/Third_Party/FreeRTOS/Source/tasks.o
 .text.vTaskDelete
                0x0000000008004054       0xe4 ./Middlewares/Third_Party/FreeRTOS/Source/tasks.o
                0x0000000008004054                vTaskDelete
 .text.vTaskStartScheduler
                0x0000000008004138       0xcc ./Middlewares/Third_Party/FreeRTOS/Source/tasks.o
                0x0000000008004138                vTaskStartScheduler
 .text.vTaskSuspendAll
                0x0000000008004204       0x1c ./Middlewares/Third_Party/FreeRTOS/Source/tasks.o
                0x0000000008004204                vTaskSuspendAll
 .text.xTaskResumeAll
                0x0000000008004220      0x13c ./Middlewares/Third_Party/FreeRTOS/Source/tasks.o
                0x0000000008004220                xTaskResumeAll
 .text.xTaskGetTickCount
                0x000000000800435c       0x20 ./Middlewares/Third_Party/FreeRTOS/Source/tasks.o
                0x000000000800435c                xTaskGetTickCount
 .text.xTaskIncrementTick
                0x000000000800437c      0x174 ./Middlewares/Third_Party/FreeRTOS/Source/tasks.o
                0x000000000800437c                xTaskIncrementTick
 .text.vTaskSwitchContext
                0x00000000080044f0       0xbc ./Middlewares/Third_Party/FreeRTOS/Source/tasks.o
                0x00000000080044f0                vTaskSwitchContext
 .text.vTaskPlaceOnEventList
                0x00000000080045ac       0x48 ./Middlewares/Third_Party/FreeRTOS/Source/tasks.o
                0x00000000080045ac                vTaskPlaceOnEventList
 .text.vTaskPlaceOnEventListRestricted
                0x00000000080045f4       0x58 ./Middlewares/Third_Party/FreeRTOS/Source/tasks.o
                0x00000000080045f4                vTaskPlaceOnEventListRestricted
 .text.xTaskRemoveFromEventList
                0x000000000800464c       0xc8 ./Middlewares/Third_Party/FreeRTOS/Source/tasks.o
                0x000000000800464c                xTaskRemoveFromEventList
 .text.vTaskInternalSetTimeOutState
                0x0000000008004714       0x2c ./Middlewares/Third_Party/FreeRTOS/Source/tasks.o
                0x0000000008004714                vTaskInternalSetTimeOutState
 .text.xTaskCheckForTimeOut
                0x0000000008004740       0xc4 ./Middlewares/Third_Party/FreeRTOS/Source/tasks.o
                0x0000000008004740                xTaskCheckForTimeOut
 .text.vTaskMissedYield
                0x0000000008004804       0x18 ./Middlewares/Third_Party/FreeRTOS/Source/tasks.o
                0x0000000008004804                vTaskMissedYield
 .text.prvIdleTask
                0x000000000800481c       0x30 ./Middlewares/Third_Party/FreeRTOS/Source/tasks.o
 .text.prvInitialiseTaskLists
                0x000000000800484c       0x80 ./Middlewares/Third_Party/FreeRTOS/Source/tasks.o
 .text.prvCheckTasksWaitingTermination
                0x00000000080048cc       0x5c ./Middlewares/Third_Party/FreeRTOS/Source/tasks.o
 .text.prvDeleteTCB
                0x0000000008004928       0x5e ./Middlewares/Third_Party/FreeRTOS/Source/tasks.o
 *fill*         0x0000000008004986        0x2 
 .text.prvResetNextTaskUnblockTime
                0x0000000008004988       0x40 ./Middlewares/Third_Party/FreeRTOS/Source/tasks.o
 .text.xTaskGetSchedulerState
                0x00000000080049c8       0x3c ./Middlewares/Third_Party/FreeRTOS/Source/tasks.o
                0x00000000080049c8                xTaskGetSchedulerState
 .text.xTaskPriorityInherit
                0x0000000008004a04       0xd0 ./Middlewares/Third_Party/FreeRTOS/Source/tasks.o
                0x0000000008004a04                xTaskPriorityInherit
 .text.xTaskPriorityDisinherit
                0x0000000008004ad4       0xdc ./Middlewares/Third_Party/FreeRTOS/Source/tasks.o
                0x0000000008004ad4                xTaskPriorityDisinherit
 .text.vTaskPriorityDisinheritAfterTimeout
                0x0000000008004bb0      0x104 ./Middlewares/Third_Party/FreeRTOS/Source/tasks.o
                0x0000000008004bb0                vTaskPriorityDisinheritAfterTimeout
 .text.pvTaskIncrementMutexHeldCount
                0x0000000008004cb4       0x28 ./Middlewares/Third_Party/FreeRTOS/Source/tasks.o
                0x0000000008004cb4                pvTaskIncrementMutexHeldCount
 .text.prvAddCurrentTaskToDelayedList
                0x0000000008004cdc       0xa8 ./Middlewares/Third_Party/FreeRTOS/Source/tasks.o
 .text.xTimerCreateTimerTask
                0x0000000008004d84       0x90 ./Middlewares/Third_Party/FreeRTOS/Source/timers.o
                0x0000000008004d84                xTimerCreateTimerTask
 .text.xTimerCreate
                0x0000000008004e14       0x42 ./Middlewares/Third_Party/FreeRTOS/Source/timers.o
                0x0000000008004e14                xTimerCreate
 .text.prvInitialiseNewTimer
                0x0000000008004e56       0x76 ./Middlewares/Third_Party/FreeRTOS/Source/timers.o
 .text.xTimerGenericCommand
                0x0000000008004ecc       0x9c ./Middlewares/Third_Party/FreeRTOS/Source/timers.o
                0x0000000008004ecc                xTimerGenericCommand
 .text.prvProcessExpiredTimer
                0x0000000008004f68       0x98 ./Middlewares/Third_Party/FreeRTOS/Source/timers.o
 .text.prvTimerTask
                0x0000000008005000       0x24 ./Middlewares/Third_Party/FreeRTOS/Source/timers.o
 .text.prvProcessTimerOrBlockTask
                0x0000000008005024       0x9c ./Middlewares/Third_Party/FreeRTOS/Source/timers.o
 .text.prvGetNextExpireTime
                0x00000000080050c0       0x48 ./Middlewares/Third_Party/FreeRTOS/Source/timers.o
 .text.prvSampleTimeNow
                0x0000000008005108       0x40 ./Middlewares/Third_Party/FreeRTOS/Source/timers.o
 .text.prvInsertTimerInActiveList
                0x0000000008005148       0x84 ./Middlewares/Third_Party/FreeRTOS/Source/timers.o
 .text.prvProcessReceivedCommands
                0x00000000080051cc      0x1c4 ./Middlewares/Third_Party/FreeRTOS/Source/timers.o
 .text.prvSwitchTimerLists
                0x0000000008005390       0xc8 ./Middlewares/Third_Party/FreeRTOS/Source/timers.o
 .text.prvCheckForValidListAndQueue
                0x0000000008005458       0x80 ./Middlewares/Third_Party/FreeRTOS/Source/timers.o
 .text.pxPortInitialiseStack
                0x00000000080054d8       0x68 ./Middlewares/Third_Party/FreeRTOS/Source/portable/GCC/ARM_CM4F/port.o
                0x00000000080054d8                pxPortInitialiseStack
 .text.prvTaskExitError
                0x0000000008005540       0x58 ./Middlewares/Third_Party/FreeRTOS/Source/portable/GCC/ARM_CM4F/port.o
 *fill*         0x0000000008005598        0x8 
 .text.SVC_Handler
                0x00000000080055a0       0x28 ./Middlewares/Third_Party/FreeRTOS/Source/portable/GCC/ARM_CM4F/port.o
                0x00000000080055a0                SVC_Handler
 .text.prvPortStartFirstTask
                0x00000000080055c8       0x28 ./Middlewares/Third_Party/FreeRTOS/Source/portable/GCC/ARM_CM4F/port.o
 .text.xPortStartScheduler
                0x00000000080055f0      0x144 ./Middlewares/Third_Party/FreeRTOS/Source/portable/GCC/ARM_CM4F/port.o
                0x00000000080055f0                xPortStartScheduler
 .text.vPortEnterCritical
                0x0000000008005734       0x60 ./Middlewares/Third_Party/FreeRTOS/Source/portable/GCC/ARM_CM4F/port.o
                0x0000000008005734                vPortEnterCritical
 .text.vPortExitCritical
                0x0000000008005794       0x54 ./Middlewares/Third_Party/FreeRTOS/Source/portable/GCC/ARM_CM4F/port.o
                0x0000000008005794                vPortExitCritical
 *fill*         0x00000000080057e8        0x8 
 .text.PendSV_Handler
                0x00000000080057f0       0x68 ./Middlewares/Third_Party/FreeRTOS/Source/portable/GCC/ARM_CM4F/port.o
                0x00000000080057f0                PendSV_Handler
 .text.xPortSysTickHandler
                0x0000000008005858       0x44 ./Middlewares/Third_Party/FreeRTOS/Source/portable/GCC/ARM_CM4F/port.o
                0x0000000008005858                xPortSysTickHandler
 .text.vPortSetupTimerInterrupt
                0x000000000800589c       0x48 ./Middlewares/Third_Party/FreeRTOS/Source/portable/GCC/ARM_CM4F/port.o
                0x000000000800589c                vPortSetupTimerInterrupt
 .text.vPortEnableVFP
                0x00000000080058e4       0x14 ./Middlewares/Third_Party/FreeRTOS/Source/portable/GCC/ARM_CM4F/port.o
 .text.vPortValidateInterruptPriority
                0x00000000080058f8       0x80 ./Middlewares/Third_Party/FreeRTOS/Source/portable/GCC/ARM_CM4F/port.o
                0x00000000080058f8                vPortValidateInterruptPriority
 .text.pvPortMalloc
                0x0000000008005978      0x198 ./Middlewares/Third_Party/FreeRTOS/Source/portable/MemMang/heap_4.o
                0x0000000008005978                pvPortMalloc
 .text.vPortFree
                0x0000000008005b10       0xc4 ./Middlewares/Third_Party/FreeRTOS/Source/portable/MemMang/heap_4.o
                0x0000000008005b10                vPortFree
 .text.prvHeapInit
                0x0000000008005bd4       0xc4 ./Middlewares/Third_Party/FreeRTOS/Source/portable/MemMang/heap_4.o
 .text.prvInsertBlockIntoFreeList
                0x0000000008005c98       0xb4 ./Middlewares/Third_Party/FreeRTOS/Source/portable/MemMang/heap_4.o
 .text.__libc_init_array
                0x0000000008005d4c       0x48 e:/stm32cubeide/stm32cubeide_1.8.0/stm32cubeide/plugins/com.st.stm32cube.ide.mcu.externaltools.gnu-tools-for-stm32.9-2020-q2-update.win32_2.0.0.202105311346/tools/bin/../lib/gcc/arm-none-eabi/9.3.1/../../../../arm-none-eabi/lib/thumb/v7e-m+fp/hard\libc_nano.a(lib_a-init.o)
                0x0000000008005d4c                __libc_init_array
 .text.memcpy   0x0000000008005d94       0x1c e:/stm32cubeide/stm32cubeide_1.8.0/stm32cubeide/plugins/com.st.stm32cube.ide.mcu.externaltools.gnu-tools-for-stm32.9-2020-q2-update.win32_2.0.0.202105311346/tools/bin/../lib/gcc/arm-none-eabi/9.3.1/../../../../arm-none-eabi/lib/thumb/v7e-m+fp/hard\libc_nano.a(lib_a-memcpy-stub.o)
                0x0000000008005d94                memcpy
 .text.memset   0x0000000008005db0       0x10 e:/stm32cubeide/stm32cubeide_1.8.0/stm32cubeide/plugins/com.st.stm32cube.ide.mcu.externaltools.gnu-tools-for-stm32.9-2020-q2-update.win32_2.0.0.202105311346/tools/bin/../lib/gcc/arm-none-eabi/9.3.1/../../../../arm-none-eabi/lib/thumb/v7e-m+fp/hard\libc_nano.a(lib_a-memset.o)
                0x0000000008005db0                memset
 *(.glue_7)
 .glue_7        0x0000000008005dc0        0x0 linker stubs
 *(.glue_7t)
 .glue_7t       0x0000000008005dc0        0x0 linker stubs
 *(.eh_frame)
 .eh_frame      0x0000000008005dc0        0x0 e:/stm32cubeide/stm32cubeide_1.8.0/stm32cubeide/plugins/com.st.stm32cube.ide.mcu.externaltools.gnu-tools-for-stm32.9-2020-q2-update.win32_2.0.0.202105311346/tools/bin/../lib/gcc/arm-none-eabi/9.3.1/thumb/v7e-m+fp/hard/crtbegin.o
 *(.init)
 .init          0x0000000008005dc0        0x4 e:/stm32cubeide/stm32cubeide_1.8.0/stm32cubeide/plugins/com.st.stm32cube.ide.mcu.externaltools.gnu-tools-for-stm32.9-2020-q2-update.win32_2.0.0.202105311346/tools/bin/../lib/gcc/arm-none-eabi/9.3.1/thumb/v7e-m+fp/hard/crti.o
                0x0000000008005dc0                _init
 .init          0x0000000008005dc4        0x8 e:/stm32cubeide/stm32cubeide_1.8.0/stm32cubeide/plugins/com.st.stm32cube.ide.mcu.externaltools.gnu-tools-for-stm32.9-2020-q2-update.win32_2.0.0.202105311346/tools/bin/../lib/gcc/arm-none-eabi/9.3.1/thumb/v7e-m+fp/hard/crtn.o
 *(.fini)
 .fini          0x0000000008005dcc        0x4 e:/stm32cubeide/stm32cubeide_1.8.0/stm32cubeide/plugins/com.st.stm32cube.ide.mcu.externaltools.gnu-tools-for-stm32.9-2020-q2-update.win32_2.0.0.202105311346/tools/bin/../lib/gcc/arm-none-eabi/9.3.1/thumb/v7e-m+fp/hard/crti.o
                0x0000000008005dcc                _fini
 .fini          0x0000000008005dd0        0x8 e:/stm32cubeide/stm32cubeide_1.8.0/stm32cubeide/plugins/com.st.stm32cube.ide.mcu.externaltools.gnu-tools-for-stm32.9-2020-q2-update.win32_2.0.0.202105311346/tools/bin/../lib/gcc/arm-none-eabi/9.3.1/thumb/v7e-m+fp/hard/crtn.o
                0x0000000008005dd8                . = ALIGN (0x4)
                0x0000000008005dd8                _etext = .

.vfp11_veneer   0x0000000008005dd8        0x0
 .vfp11_veneer  0x0000000008005dd8        0x0 linker stubs

.v4_bx          0x0000000008005dd8        0x0
 .v4_bx         0x0000000008005dd8        0x0 linker stubs

.iplt           0x0000000008005dd8        0x0
 .iplt          0x0000000008005dd8        0x0 e:/stm32cubeide/stm32cubeide_1.8.0/stm32cubeide/plugins/com.st.stm32cube.ide.mcu.externaltools.gnu-tools-for-stm32.9-2020-q2-update.win32_2.0.0.202105311346/tools/bin/../lib/gcc/arm-none-eabi/9.3.1/thumb/v7e-m+fp/hard/crtbegin.o

.rodata         0x0000000008005dd8       0xb0
                0x0000000008005dd8                . = ALIGN (0x4)
 *(.rodata)
 .rodata        0x0000000008005dd8       0x42 ./Core/freertos/source/freertos_StartTask.o
 *fill*         0x0000000008005e1a        0x2 
 .rodata        0x0000000008005e1c       0x11 ./Core/freertos/source/freertos_sdfcomb_Abs.o
 *fill*         0x0000000008005e2d        0x3 
 .rodata        0x0000000008005e30       0x10 ./Core/freertos/source/freertos_sdfcomb_Gx.o
 .rodata        0x0000000008005e40       0x10 ./Core/freertos/source/freertos_sdfcomb_Gy.o
 .rodata        0x0000000008005e50        0x5 ./Core/freertos/source/system.o
 *fill*         0x0000000008005e55        0x3 
 .rodata        0x0000000008005e58        0x5 ./Middlewares/Third_Party/FreeRTOS/Source/tasks.o
 *fill*         0x0000000008005e5d        0x3 
 .rodata        0x0000000008005e60        0xd ./Middlewares/Third_Party/FreeRTOS/Source/timers.o
 *(.rodata*)
 *fill*         0x0000000008005e6d        0x3 
 .rodata.AHBPrescTable
                0x0000000008005e70       0x10 ./Core/Src/system_stm32f4xx.o
                0x0000000008005e70                AHBPrescTable
 .rodata.APBPrescTable
                0x0000000008005e80        0x8 ./Core/Src/system_stm32f4xx.o
                0x0000000008005e80                APBPrescTable
                0x0000000008005e88                . = ALIGN (0x4)

.ARM.extab      0x0000000008005e88        0x0
                0x0000000008005e88                . = ALIGN (0x4)
 *(.ARM.extab* .gnu.linkonce.armextab.*)
                0x0000000008005e88                . = ALIGN (0x4)

.ARM            0x0000000008005e88        0x8
                0x0000000008005e88                . = ALIGN (0x4)
                0x0000000008005e88                __exidx_start = .
 *(.ARM.exidx*)
 .ARM.exidx     0x0000000008005e88        0x8 e:/stm32cubeide/stm32cubeide_1.8.0/stm32cubeide/plugins/com.st.stm32cube.ide.mcu.externaltools.gnu-tools-for-stm32.9-2020-q2-update.win32_2.0.0.202105311346/tools/bin/../lib/gcc/arm-none-eabi/9.3.1/thumb/v7e-m+fp/hard\libgcc.a(_udivmoddi4.o)
                0x0000000008005e90                __exidx_end = .
                0x0000000008005e90                . = ALIGN (0x4)

.rel.dyn        0x0000000008005e90        0x0
 .rel.iplt      0x0000000008005e90        0x0 e:/stm32cubeide/stm32cubeide_1.8.0/stm32cubeide/plugins/com.st.stm32cube.ide.mcu.externaltools.gnu-tools-for-stm32.9-2020-q2-update.win32_2.0.0.202105311346/tools/bin/../lib/gcc/arm-none-eabi/9.3.1/thumb/v7e-m+fp/hard/crtbegin.o

.preinit_array  0x0000000008005e90        0x0
                0x0000000008005e90                . = ALIGN (0x4)
                0x0000000008005e90                PROVIDE (__preinit_array_start = .)
 *(.preinit_array*)
                0x0000000008005e90                PROVIDE (__preinit_array_end = .)
                0x0000000008005e90                . = ALIGN (0x4)

.init_array     0x0000000008005e90        0x4
                0x0000000008005e90                . = ALIGN (0x4)
                0x0000000008005e90                PROVIDE (__init_array_start = .)
 *(SORT_BY_NAME(.init_array.*))
 *(.init_array*)
 .init_array    0x0000000008005e90        0x4 e:/stm32cubeide/stm32cubeide_1.8.0/stm32cubeide/plugins/com.st.stm32cube.ide.mcu.externaltools.gnu-tools-for-stm32.9-2020-q2-update.win32_2.0.0.202105311346/tools/bin/../lib/gcc/arm-none-eabi/9.3.1/thumb/v7e-m+fp/hard/crtbegin.o
                0x0000000008005e94                PROVIDE (__init_array_end = .)
                0x0000000008005e94                . = ALIGN (0x4)

.fini_array     0x0000000008005e94        0x4
                0x0000000008005e94                . = ALIGN (0x4)
                [!provide]                        PROVIDE (__fini_array_start = .)
 *(SORT_BY_NAME(.fini_array.*))
 *(.fini_array*)
 .fini_array    0x0000000008005e94        0x4 e:/stm32cubeide/stm32cubeide_1.8.0/stm32cubeide/plugins/com.st.stm32cube.ide.mcu.externaltools.gnu-tools-for-stm32.9-2020-q2-update.win32_2.0.0.202105311346/tools/bin/../lib/gcc/arm-none-eabi/9.3.1/thumb/v7e-m+fp/hard/crtbegin.o
                [!provide]                        PROVIDE (__fini_array_end = .)
                0x0000000008005e98                . = ALIGN (0x4)
                0x0000000008005e98                _sidata = LOADADDR (.data)

.data           0x0000000020000000       0x30 load address 0x0000000008005e98
                0x0000000020000000                . = ALIGN (0x4)
                0x0000000020000000                _sdata = .
 *(.data)
 *(.data*)
 .data.SystemCoreClock
                0x0000000020000000        0x4 ./Core/Src/system_stm32f4xx.o
                0x0000000020000000                SystemCoreClock
 .data.queue_length_absxsig
                0x0000000020000004        0x4 ./Core/freertos/source/freertos_sdfchannel_absxsig.o
                0x0000000020000004                queue_length_absxsig
 .data.item_size_absxsig
                0x0000000020000008        0x4 ./Core/freertos/source/freertos_sdfchannel_absxsig.o
                0x0000000020000008                item_size_absxsig
 .data.queue_length_absysig
                0x000000002000000c        0x4 ./Core/freertos/source/freertos_sdfchannel_absysig.o
                0x000000002000000c                queue_length_absysig
 .data.item_size_absysig
                0x0000000020000010        0x4 ./Core/freertos/source/freertos_sdfchannel_absysig.o
                0x0000000020000010                item_size_absysig
 .data.queue_length_gxsig
                0x0000000020000014        0x4 ./Core/freertos/source/freertos_sdfchannel_gxsig.o
                0x0000000020000014                queue_length_gxsig
 .data.item_size_gxsig
                0x0000000020000018        0x4 ./Core/freertos/source/freertos_sdfchannel_gxsig.o
                0x0000000020000018                item_size_gxsig
 .data.queue_length_gysig
                0x000000002000001c        0x4 ./Core/freertos/source/freertos_sdfchannel_gysig.o
                0x000000002000001c                queue_length_gysig
 .data.item_size_gysig
                0x0000000020000020        0x4 ./Core/freertos/source/freertos_sdfchannel_gysig.o
                0x0000000020000020                item_size_gysig
 .data.uwTickPrio
                0x0000000020000024        0x4 ./Drivers/STM32F4xx_HAL_Driver/Src/stm32f4xx_hal.o
                0x0000000020000024                uwTickPrio
 .data.uwTickFreq
                0x0000000020000028        0x1 ./Drivers/STM32F4xx_HAL_Driver/Src/stm32f4xx_hal.o
                0x0000000020000028                uwTickFreq
 *fill*         0x0000000020000029        0x3 
 .data.uxCriticalNesting
                0x000000002000002c        0x4 ./Middlewares/Third_Party/FreeRTOS/Source/portable/GCC/ARM_CM4F/port.o
 *(.RamFunc)
 *(.RamFunc*)
                0x0000000020000030                . = ALIGN (0x4)
                0x0000000020000030                _edata = .

.igot.plt       0x0000000020000030        0x0 load address 0x0000000008005ec8
 .igot.plt      0x0000000020000030        0x0 e:/stm32cubeide/stm32cubeide_1.8.0/stm32cubeide/plugins/com.st.stm32cube.ide.mcu.externaltools.gnu-tools-for-stm32.9-2020-q2-update.win32_2.0.0.202105311346/tools/bin/../lib/gcc/arm-none-eabi/9.3.1/thumb/v7e-m+fp/hard/crtbegin.o
                0x0000000020000030                . = ALIGN (0x4)

.bss            0x0000000020000030     0xec00 load address 0x0000000008005ec8
                0x0000000020000030                _sbss = .
                0x0000000020000030                __bss_start__ = _sbss
 *(.bss)
 .bss           0x0000000020000030       0x1c e:/stm32cubeide/stm32cubeide_1.8.0/stm32cubeide/plugins/com.st.stm32cube.ide.mcu.externaltools.gnu-tools-for-stm32.9-2020-q2-update.win32_2.0.0.202105311346/tools/bin/../lib/gcc/arm-none-eabi/9.3.1/thumb/v7e-m+fp/hard/crtbegin.o
 *(.bss*)
 .bss.KernelState
                0x000000002000004c        0x4 ./Middlewares/Third_Party/FreeRTOS/Source/CMSIS_RTOS_V2/cmsis_os2.o
 .bss.Idle_TCB.9937
                0x0000000020000050       0x5c ./Middlewares/Third_Party/FreeRTOS/Source/CMSIS_RTOS_V2/cmsis_os2.o
 .bss.Idle_Stack.9938
                0x00000000200000ac      0x200 ./Middlewares/Third_Party/FreeRTOS/Source/CMSIS_RTOS_V2/cmsis_os2.o
 .bss.Timer_TCB.9944
                0x00000000200002ac       0x5c ./Middlewares/Third_Party/FreeRTOS/Source/CMSIS_RTOS_V2/cmsis_os2.o
 .bss.Timer_Stack.9945
                0x0000000020000308      0x400 ./Middlewares/Third_Party/FreeRTOS/Source/CMSIS_RTOS_V2/cmsis_os2.o
 .bss.pxCurrentTCB
                0x0000000020000708        0x4 ./Middlewares/Third_Party/FreeRTOS/Source/tasks.o
                0x0000000020000708                pxCurrentTCB
 .bss.pxReadyTasksLists
                0x000000002000070c      0x460 ./Middlewares/Third_Party/FreeRTOS/Source/tasks.o
 .bss.xDelayedTaskList1
                0x0000000020000b6c       0x14 ./Middlewares/Third_Party/FreeRTOS/Source/tasks.o
 .bss.xDelayedTaskList2
                0x0000000020000b80       0x14 ./Middlewares/Third_Party/FreeRTOS/Source/tasks.o
 .bss.pxDelayedTaskList
                0x0000000020000b94        0x4 ./Middlewares/Third_Party/FreeRTOS/Source/tasks.o
 .bss.pxOverflowDelayedTaskList
                0x0000000020000b98        0x4 ./Middlewares/Third_Party/FreeRTOS/Source/tasks.o
 .bss.xPendingReadyList
                0x0000000020000b9c       0x14 ./Middlewares/Third_Party/FreeRTOS/Source/tasks.o
 .bss.xTasksWaitingTermination
                0x0000000020000bb0       0x14 ./Middlewares/Third_Party/FreeRTOS/Source/tasks.o
 .bss.uxDeletedTasksWaitingCleanUp
                0x0000000020000bc4        0x4 ./Middlewares/Third_Party/FreeRTOS/Source/tasks.o
 .bss.xSuspendedTaskList
                0x0000000020000bc8       0x14 ./Middlewares/Third_Party/FreeRTOS/Source/tasks.o
 .bss.uxCurrentNumberOfTasks
                0x0000000020000bdc        0x4 ./Middlewares/Third_Party/FreeRTOS/Source/tasks.o
 .bss.xTickCount
                0x0000000020000be0        0x4 ./Middlewares/Third_Party/FreeRTOS/Source/tasks.o
 .bss.uxTopReadyPriority
                0x0000000020000be4        0x4 ./Middlewares/Third_Party/FreeRTOS/Source/tasks.o
 .bss.xSchedulerRunning
                0x0000000020000be8        0x4 ./Middlewares/Third_Party/FreeRTOS/Source/tasks.o
 .bss.xPendedTicks
                0x0000000020000bec        0x4 ./Middlewares/Third_Party/FreeRTOS/Source/tasks.o
 .bss.xYieldPending
                0x0000000020000bf0        0x4 ./Middlewares/Third_Party/FreeRTOS/Source/tasks.o
 .bss.xNumOfOverflows
                0x0000000020000bf4        0x4 ./Middlewares/Third_Party/FreeRTOS/Source/tasks.o
 .bss.uxTaskNumber
                0x0000000020000bf8        0x4 ./Middlewares/Third_Party/FreeRTOS/Source/tasks.o
 .bss.xNextTaskUnblockTime
                0x0000000020000bfc        0x4 ./Middlewares/Third_Party/FreeRTOS/Source/tasks.o
 .bss.xIdleTaskHandle
                0x0000000020000c00        0x4 ./Middlewares/Third_Party/FreeRTOS/Source/tasks.o
 .bss.uxSchedulerSuspended
                0x0000000020000c04        0x4 ./Middlewares/Third_Party/FreeRTOS/Source/tasks.o
 .bss.xActiveTimerList1
                0x0000000020000c08       0x14 ./Middlewares/Third_Party/FreeRTOS/Source/timers.o
 .bss.xActiveTimerList2
                0x0000000020000c1c       0x14 ./Middlewares/Third_Party/FreeRTOS/Source/timers.o
 .bss.pxCurrentTimerList
                0x0000000020000c30        0x4 ./Middlewares/Third_Party/FreeRTOS/Source/timers.o
 .bss.pxOverflowTimerList
                0x0000000020000c34        0x4 ./Middlewares/Third_Party/FreeRTOS/Source/timers.o
 .bss.xTimerQueue
                0x0000000020000c38        0x4 ./Middlewares/Third_Party/FreeRTOS/Source/timers.o
 .bss.xTimerTaskHandle
                0x0000000020000c3c        0x4 ./Middlewares/Third_Party/FreeRTOS/Source/timers.o
 .bss.xLastTime.6925
                0x0000000020000c40        0x4 ./Middlewares/Third_Party/FreeRTOS/Source/timers.o
 .bss.ucStaticTimerQueueStorage.6976
                0x0000000020000c44       0xa0 ./Middlewares/Third_Party/FreeRTOS/Source/timers.o
 .bss.xStaticTimerQueue.6975
                0x0000000020000ce4       0x50 ./Middlewares/Third_Party/FreeRTOS/Source/timers.o
 .bss.ucMaxSysCallPriority
                0x0000000020000d34        0x1 ./Middlewares/Third_Party/FreeRTOS/Source/portable/GCC/ARM_CM4F/port.o
 *fill*         0x0000000020000d35        0x3 
 .bss.ulMaxPRIGROUPValue
                0x0000000020000d38        0x4 ./Middlewares/Third_Party/FreeRTOS/Source/portable/GCC/ARM_CM4F/port.o
 .bss.ucHeap    0x0000000020000d3c     0x3c00 ./Middlewares/Third_Party/FreeRTOS/Source/portable/MemMang/heap_4.o
 .bss.xStart    0x000000002000493c        0x8 ./Middlewares/Third_Party/FreeRTOS/Source/portable/MemMang/heap_4.o
 .bss.pxEnd     0x0000000020004944        0x4 ./Middlewares/Third_Party/FreeRTOS/Source/portable/MemMang/heap_4.o
 .bss.xFreeBytesRemaining
                0x0000000020004948        0x4 ./Middlewares/Third_Party/FreeRTOS/Source/portable/MemMang/heap_4.o
 .bss.xMinimumEverFreeBytesRemaining
                0x000000002000494c        0x4 ./Middlewares/Third_Party/FreeRTOS/Source/portable/MemMang/heap_4.o
 .bss.xNumberOfSuccessfulAllocations
                0x0000000020004950        0x4 ./Middlewares/Third_Party/FreeRTOS/Source/portable/MemMang/heap_4.o
 .bss.xNumberOfSuccessfulFrees
                0x0000000020004954        0x4 ./Middlewares/Third_Party/FreeRTOS/Source/portable/MemMang/heap_4.o
 .bss.xBlockAllocatedBit
                0x0000000020004958        0x4 ./Middlewares/Third_Party/FreeRTOS/Source/portable/MemMang/heap_4.o
 *(COMMON)
 COMMON         0x000000002000495c       0x48 ./Core/Src/main.o
                0x000000002000495c                defaultTaskHandle
                0x0000000020004960                huart2
 COMMON         0x00000000200049a4       0x48 ./Core/Src/stm32f4xx_hal_timebase_tim.o
                0x00000000200049a4                htim1
 COMMON         0x00000000200049ec     0x2060 ./Core/freertos/source/freertos_StartTask.o
                0x00000000200049ec                tcb_start
                0x0000000020004a48                sem_usart
                0x0000000020004a4c                task_StartTask_stk
 COMMON         0x0000000020006a4c        0x4 ./Core/freertos/source/freertos_sdfchannel_absxsig.o
                0x0000000020006a4c                msg_queue_absxsig
 COMMON         0x0000000020006a50        0x4 ./Core/freertos/source/freertos_sdfchannel_absysig.o
                0x0000000020006a50                msg_queue_absysig
 COMMON         0x0000000020006a54        0x4 ./Core/freertos/source/freertos_sdfchannel_gxsig.o
                0x0000000020006a54                msg_queue_gxsig
 COMMON         0x0000000020006a58        0x4 ./Core/freertos/source/freertos_sdfchannel_gysig.o
                0x0000000020006a58                msg_queue_gysig
 COMMON         0x0000000020006a5c     0x2064 ./Core/freertos/source/freertos_sdfcomb_Abs.o
                0x0000000020006a5c                task_timer_Abs
                0x0000000020006a60                task_Abs_stk
                0x0000000020008a60                task_sem_Abs
                0x0000000020008a64                tcb_Abs
 COMMON         0x0000000020008ac0     0x2064 ./Core/freertos/source/freertos_sdfcomb_Gx.o
                0x0000000020008ac0                task_Gx_stk
                0x000000002000aac0                task_sem_Gx
                0x000000002000aac4                task_timer_Gx
                0x000000002000aac8                tcb_Gx
 COMMON         0x000000002000ab24     0x2064 ./Core/freertos/source/freertos_sdfcomb_Gy.o
                0x000000002000ab24                tcb_Gy
                0x000000002000ab80                task_Gy_stk
                0x000000002000cb80                task_timer_Gy
                0x000000002000cb84                task_sem_Gy
 COMMON         0x000000002000cb88     0x2064 ./Core/freertos/source/freertos_sdfcomb_getPx.o
                0x000000002000cb88                task_getPx_stk
                0x000000002000eb88                task_sem_getPx
                0x000000002000eb8c                task_timer_getPx
                0x000000002000eb90                tcb_getPx
 COMMON         0x000000002000ebec        0x4 ./Drivers/STM32F4xx_HAL_Driver/Src/stm32f4xx_hal.o
                0x000000002000ebec                uwTick
 COMMON         0x000000002000ebf0       0x40 ./Middlewares/Third_Party/FreeRTOS/Source/queue.o
                0x000000002000ebf0                xQueueRegistry
                0x000000002000ec30                . = ALIGN (0x4)
                0x000000002000ec30                _ebss = .
                0x000000002000ec30                __bss_end__ = _ebss

._user_heap_stack
                0x000000002000ec30      0x600 load address 0x0000000008005ec8
                0x000000002000ec30                . = ALIGN (0x8)
                [!provide]                        PROVIDE (end = .)
                0x000000002000ec30                PROVIDE (_end = .)
                0x000000002000ee30                . = (. + _Min_Heap_Size)
 *fill*         0x000000002000ec30      0x200 
                0x000000002000f230                . = (. + _Min_Stack_Size)
 *fill*         0x000000002000ee30      0x400 
                0x000000002000f230                . = ALIGN (0x8)

/DISCARD/
 libc.a(*)
 libm.a(*)
 libgcc.a(*)

.ARM.attributes
                0x0000000000000000       0x30
 *(.ARM.attributes)
 .ARM.attributes
                0x0000000000000000       0x1e e:/stm32cubeide/stm32cubeide_1.8.0/stm32cubeide/plugins/com.st.stm32cube.ide.mcu.externaltools.gnu-tools-for-stm32.9-2020-q2-update.win32_2.0.0.202105311346/tools/bin/../lib/gcc/arm-none-eabi/9.3.1/thumb/v7e-m+fp/hard/crti.o
 .ARM.attributes
                0x000000000000001e       0x34 e:/stm32cubeide/stm32cubeide_1.8.0/stm32cubeide/plugins/com.st.stm32cube.ide.mcu.externaltools.gnu-tools-for-stm32.9-2020-q2-update.win32_2.0.0.202105311346/tools/bin/../lib/gcc/arm-none-eabi/9.3.1/thumb/v7e-m+fp/hard/crtbegin.o
 .ARM.attributes
                0x0000000000000052       0x34 ./Core/Src/main.o
 .ARM.attributes
                0x0000000000000086       0x34 ./Core/Src/stm32f4xx_hal_msp.o
 .ARM.attributes
                0x00000000000000ba       0x34 ./Core/Src/stm32f4xx_hal_timebase_tim.o
 .ARM.attributes
                0x00000000000000ee       0x34 ./Core/Src/stm32f4xx_it.o
 .ARM.attributes
                0x0000000000000122       0x34 ./Core/Src/system_stm32f4xx.o
 .ARM.attributes
                0x0000000000000156       0x21 ./Core/Startup/startup_stm32f401retx.o
 .ARM.attributes
                0x0000000000000177       0x34 ./Core/freertos/source/error.o
 .ARM.attributes
                0x00000000000001ab       0x34 ./Core/freertos/source/freertos_StartTask.o
 .ARM.attributes
                0x00000000000001df       0x39 ./Core/freertos/source/freertos_sdfchannel_absxsig.o
 .ARM.attributes
                0x0000000000000218       0x39 ./Core/freertos/source/freertos_sdfchannel_absysig.o
 .ARM.attributes
                0x0000000000000251       0x39 ./Core/freertos/source/freertos_sdfchannel_gxsig.o
 .ARM.attributes
                0x000000000000028a       0x39 ./Core/freertos/source/freertos_sdfchannel_gysig.o
 .ARM.attributes
                0x00000000000002c3       0x34 ./Core/freertos/source/freertos_sdfcomb_Abs.o
 .ARM.attributes
                0x00000000000002f7       0x34 ./Core/freertos/source/freertos_sdfcomb_Gx.o
 .ARM.attributes
                0x000000000000032b       0x34 ./Core/freertos/source/freertos_sdfcomb_Gy.o
 .ARM.attributes
                0x000000000000035f       0x34 ./Core/freertos/source/freertos_sdfcomb_getPx.o
 .ARM.attributes
                0x0000000000000393       0x34 ./Core/freertos/source/system.o
 .ARM.attributes
                0x00000000000003c7       0x34 ./Drivers/STM32F4xx_HAL_Driver/Src/stm32f4xx_hal.o
 .ARM.attributes
                0x00000000000003fb       0x34 ./Drivers/STM32F4xx_HAL_Driver/Src/stm32f4xx_hal_cortex.o
 .ARM.attributes
                0x000000000000042f       0x34 ./Drivers/STM32F4xx_HAL_Driver/Src/stm32f4xx_hal_gpio.o
 .ARM.attributes
                0x0000000000000463       0x34 ./Drivers/STM32F4xx_HAL_Driver/Src/stm32f4xx_hal_rcc.o
 .ARM.attributes
                0x0000000000000497       0x34 ./Drivers/STM32F4xx_HAL_Driver/Src/stm32f4xx_hal_tim.o
 .ARM.attributes
                0x00000000000004cb       0x34 ./Drivers/STM32F4xx_HAL_Driver/Src/stm32f4xx_hal_tim_ex.o
 .ARM.attributes
                0x00000000000004ff       0x34 ./Drivers/STM32F4xx_HAL_Driver/Src/stm32f4xx_hal_uart.o
 .ARM.attributes
                0x0000000000000533       0x34 ./Middlewares/Third_Party/FreeRTOS/Source/CMSIS_RTOS_V2/cmsis_os2.o
 .ARM.attributes
                0x0000000000000567       0x34 ./Middlewares/Third_Party/FreeRTOS/Source/list.o
 .ARM.attributes
                0x000000000000059b       0x34 ./Middlewares/Third_Party/FreeRTOS/Source/queue.o
 .ARM.attributes
                0x00000000000005cf       0x34 ./Middlewares/Third_Party/FreeRTOS/Source/tasks.o
 .ARM.attributes
                0x0000000000000603       0x34 ./Middlewares/Third_Party/FreeRTOS/Source/timers.o
 .ARM.attributes
                0x0000000000000637       0x34 ./Middlewares/Third_Party/FreeRTOS/Source/portable/GCC/ARM_CM4F/port.o
 .ARM.attributes
                0x000000000000066b       0x34 ./Middlewares/Third_Party/FreeRTOS/Source/portable/MemMang/heap_4.o
 .ARM.attributes
                0x000000000000069f       0x34 e:/stm32cubeide/stm32cubeide_1.8.0/stm32cubeide/plugins/com.st.stm32cube.ide.mcu.externaltools.gnu-tools-for-stm32.9-2020-q2-update.win32_2.0.0.202105311346/tools/bin/../lib/gcc/arm-none-eabi/9.3.1/../../../../arm-none-eabi/lib/thumb/v7e-m+fp/hard\libc_nano.a(lib_a-init.o)
 .ARM.attributes
                0x00000000000006d3       0x34 e:/stm32cubeide/stm32cubeide_1.8.0/stm32cubeide/plugins/com.st.stm32cube.ide.mcu.externaltools.gnu-tools-for-stm32.9-2020-q2-update.win32_2.0.0.202105311346/tools/bin/../lib/gcc/arm-none-eabi/9.3.1/../../../../arm-none-eabi/lib/thumb/v7e-m+fp/hard\libc_nano.a(lib_a-memcpy-stub.o)
 .ARM.attributes
                0x0000000000000707       0x34 e:/stm32cubeide/stm32cubeide_1.8.0/stm32cubeide/plugins/com.st.stm32cube.ide.mcu.externaltools.gnu-tools-for-stm32.9-2020-q2-update.win32_2.0.0.202105311346/tools/bin/../lib/gcc/arm-none-eabi/9.3.1/../../../../arm-none-eabi/lib/thumb/v7e-m+fp/hard\libc_nano.a(lib_a-memset.o)
 .ARM.attributes
                0x000000000000073b       0x1e e:/stm32cubeide/stm32cubeide_1.8.0/stm32cubeide/plugins/com.st.stm32cube.ide.mcu.externaltools.gnu-tools-for-stm32.9-2020-q2-update.win32_2.0.0.202105311346/tools/bin/../lib/gcc/arm-none-eabi/9.3.1/thumb/v7e-m+fp/hard\libgcc.a(_aeabi_uldivmod.o)
 .ARM.attributes
                0x0000000000000759       0x34 e:/stm32cubeide/stm32cubeide_1.8.0/stm32cubeide/plugins/com.st.stm32cube.ide.mcu.externaltools.gnu-tools-for-stm32.9-2020-q2-update.win32_2.0.0.202105311346/tools/bin/../lib/gcc/arm-none-eabi/9.3.1/thumb/v7e-m+fp/hard\libgcc.a(_udivmoddi4.o)
 .ARM.attributes
                0x000000000000078d       0x1e e:/stm32cubeide/stm32cubeide_1.8.0/stm32cubeide/plugins/com.st.stm32cube.ide.mcu.externaltools.gnu-tools-for-stm32.9-2020-q2-update.win32_2.0.0.202105311346/tools/bin/../lib/gcc/arm-none-eabi/9.3.1/thumb/v7e-m+fp/hard\libgcc.a(_dvmd_tls.o)
 .ARM.attributes
                0x00000000000007ab       0x1e e:/stm32cubeide/stm32cubeide_1.8.0/stm32cubeide/plugins/com.st.stm32cube.ide.mcu.externaltools.gnu-tools-for-stm32.9-2020-q2-update.win32_2.0.0.202105311346/tools/bin/../lib/gcc/arm-none-eabi/9.3.1/thumb/v7e-m+fp/hard/crtn.o
OUTPUT(freertos1.elf elf32-littlearm)
LOAD linker stubs
LOAD e:/stm32cubeide/stm32cubeide_1.8.0/stm32cubeide/plugins/com.st.stm32cube.ide.mcu.externaltools.gnu-tools-for-stm32.9-2020-q2-update.win32_2.0.0.202105311346/tools/bin/../lib/gcc/arm-none-eabi/9.3.1/../../../../arm-none-eabi/lib/thumb/v7e-m+fp/hard\libc.a
LOAD e:/stm32cubeide/stm32cubeide_1.8.0/stm32cubeide/plugins/com.st.stm32cube.ide.mcu.externaltools.gnu-tools-for-stm32.9-2020-q2-update.win32_2.0.0.202105311346/tools/bin/../lib/gcc/arm-none-eabi/9.3.1/../../../../arm-none-eabi/lib/thumb/v7e-m+fp/hard\libm.a
LOAD e:/stm32cubeide/stm32cubeide_1.8.0/stm32cubeide/plugins/com.st.stm32cube.ide.mcu.externaltools.gnu-tools-for-stm32.9-2020-q2-update.win32_2.0.0.202105311346/tools/bin/../lib/gcc/arm-none-eabi/9.3.1/thumb/v7e-m+fp/hard\libgcc.a

.debug_info     0x0000000000000000    0x23045
 .debug_info    0x0000000000000000     0x1223 ./Core/Src/main.o
 .debug_info    0x0000000000001223      0xbad ./Core/Src/stm32f4xx_hal_msp.o
 .debug_info    0x0000000000001dd0      0xbfa ./Core/Src/stm32f4xx_hal_timebase_tim.o
 .debug_info    0x00000000000029ca      0x7c3 ./Core/Src/stm32f4xx_it.o
 .debug_info    0x000000000000318d      0x5d0 ./Core/Src/system_stm32f4xx.o
 .debug_info    0x000000000000375d       0x22 ./Core/Startup/startup_stm32f401retx.o
 .debug_info    0x000000000000377f      0x6ce ./Core/freertos/source/error.o
 .debug_info    0x0000000000003e4d     0x1240 ./Core/freertos/source/freertos_StartTask.o
 .debug_info    0x000000000000508d      0x98e ./Core/freertos/source/freertos_sdfchannel_absxsig.o
 .debug_info    0x0000000000005a1b      0x98e ./Core/freertos/source/freertos_sdfchannel_absysig.o
 .debug_info    0x00000000000063a9      0x98e ./Core/freertos/source/freertos_sdfchannel_gxsig.o
 .debug_info    0x0000000000006d37      0x98e ./Core/freertos/source/freertos_sdfchannel_gysig.o
 .debug_info    0x00000000000076c5     0x13bc ./Core/freertos/source/freertos_sdfcomb_Abs.o
 .debug_info    0x0000000000008a81     0x13cc ./Core/freertos/source/freertos_sdfcomb_Gx.o
 .debug_info    0x0000000000009e4d     0x13c2 ./Core/freertos/source/freertos_sdfcomb_Gy.o
 .debug_info    0x000000000000b20f     0x13bb ./Core/freertos/source/freertos_sdfcomb_getPx.o
 .debug_info    0x000000000000c5ca      0x7db ./Core/freertos/source/system.o
 .debug_info    0x000000000000cda5      0x93d ./Drivers/STM32F4xx_HAL_Driver/Src/stm32f4xx_hal.o
 .debug_info    0x000000000000d6e2      0xe41 ./Drivers/STM32F4xx_HAL_Driver/Src/stm32f4xx_hal_cortex.o
 .debug_info    0x000000000000e523      0x862 ./Drivers/STM32F4xx_HAL_Driver/Src/stm32f4xx_hal_gpio.o
 .debug_info    0x000000000000ed85      0x9bd ./Drivers/STM32F4xx_HAL_Driver/Src/stm32f4xx_hal_rcc.o
 .debug_info    0x000000000000f742     0x2c1a ./Drivers/STM32F4xx_HAL_Driver/Src/stm32f4xx_hal_tim.o
 .debug_info    0x000000000001235c     0x159a ./Drivers/STM32F4xx_HAL_Driver/Src/stm32f4xx_hal_tim_ex.o
 .debug_info    0x00000000000138f6     0x31d6 ./Drivers/STM32F4xx_HAL_Driver/Src/stm32f4xx_hal_uart.o
 .debug_info    0x0000000000016acc     0x3d11 ./Middlewares/Third_Party/FreeRTOS/Source/CMSIS_RTOS_V2/cmsis_os2.o
 .debug_info    0x000000000001a7dd      0xb82 ./Middlewares/Third_Party/FreeRTOS/Source/list.o
 .debug_info    0x000000000001b35f     0x23b0 ./Middlewares/Third_Party/FreeRTOS/Source/queue.o
 .debug_info    0x000000000001d70f     0x2ac6 ./Middlewares/Third_Party/FreeRTOS/Source/tasks.o
 .debug_info    0x00000000000201d5     0x1bf5 ./Middlewares/Third_Party/FreeRTOS/Source/timers.o
 .debug_info    0x0000000000021dca      0x4f1 ./Middlewares/Third_Party/FreeRTOS/Source/portable/GCC/ARM_CM4F/port.o
 .debug_info    0x00000000000222bb      0xd8a ./Middlewares/Third_Party/FreeRTOS/Source/portable/MemMang/heap_4.o

.debug_abbrev   0x0000000000000000     0x4520
 .debug_abbrev  0x0000000000000000      0x272 ./Core/Src/main.o
 .debug_abbrev  0x0000000000000272      0x1b5 ./Core/Src/stm32f4xx_hal_msp.o
 .debug_abbrev  0x0000000000000427      0x1d0 ./Core/Src/stm32f4xx_hal_timebase_tim.o
 .debug_abbrev  0x00000000000005f7      0x187 ./Core/Src/stm32f4xx_it.o
 .debug_abbrev  0x000000000000077e      0x145 ./Core/Src/system_stm32f4xx.o
 .debug_abbrev  0x00000000000008c3       0x12 ./Core/Startup/startup_stm32f401retx.o
 .debug_abbrev  0x00000000000008d5      0x185 ./Core/freertos/source/error.o
 .debug_abbrev  0x0000000000000a5a      0x1f3 ./Core/freertos/source/freertos_StartTask.o
 .debug_abbrev  0x0000000000000c4d      0x189 ./Core/freertos/source/freertos_sdfchannel_absxsig.o
 .debug_abbrev  0x0000000000000dd6      0x189 ./Core/freertos/source/freertos_sdfchannel_absysig.o
 .debug_abbrev  0x0000000000000f5f      0x189 ./Core/freertos/source/freertos_sdfchannel_gxsig.o
 .debug_abbrev  0x00000000000010e8      0x189 ./Core/freertos/source/freertos_sdfchannel_gysig.o
 .debug_abbrev  0x0000000000001271      0x26c ./Core/freertos/source/freertos_sdfcomb_Abs.o
 .debug_abbrev  0x00000000000014dd      0x26c ./Core/freertos/source/freertos_sdfcomb_Gx.o
 .debug_abbrev  0x0000000000001749      0x26c ./Core/freertos/source/freertos_sdfcomb_Gy.o
 .debug_abbrev  0x00000000000019b5      0x26c ./Core/freertos/source/freertos_sdfcomb_getPx.o
 .debug_abbrev  0x0000000000001c21      0x174 ./Core/freertos/source/system.o
 .debug_abbrev  0x0000000000001d95      0x21e ./Drivers/STM32F4xx_HAL_Driver/Src/stm32f4xx_hal.o
 .debug_abbrev  0x0000000000001fb3      0x33c ./Drivers/STM32F4xx_HAL_Driver/Src/stm32f4xx_hal_cortex.o
 .debug_abbrev  0x00000000000022ef      0x1f1 ./Drivers/STM32F4xx_HAL_Driver/Src/stm32f4xx_hal_gpio.o
 .debug_abbrev  0x00000000000024e0      0x275 ./Drivers/STM32F4xx_HAL_Driver/Src/stm32f4xx_hal_rcc.o
 .debug_abbrev  0x0000000000002755      0x26f ./Drivers/STM32F4xx_HAL_Driver/Src/stm32f4xx_hal_tim.o
 .debug_abbrev  0x00000000000029c4      0x277 ./Drivers/STM32F4xx_HAL_Driver/Src/stm32f4xx_hal_tim_ex.o
 .debug_abbrev  0x0000000000002c3b      0x2fc ./Drivers/STM32F4xx_HAL_Driver/Src/stm32f4xx_hal_uart.o
 .debug_abbrev  0x0000000000002f37      0x4bd ./Middlewares/Third_Party/FreeRTOS/Source/CMSIS_RTOS_V2/cmsis_os2.o
 .debug_abbrev  0x00000000000033f4      0x1f7 ./Middlewares/Third_Party/FreeRTOS/Source/list.o
 .debug_abbrev  0x00000000000035eb      0x380 ./Middlewares/Third_Party/FreeRTOS/Source/queue.o
 .debug_abbrev  0x000000000000396b      0x39a ./Middlewares/Third_Party/FreeRTOS/Source/tasks.o
 .debug_abbrev  0x0000000000003d05      0x317 ./Middlewares/Third_Party/FreeRTOS/Source/timers.o
 .debug_abbrev  0x000000000000401c      0x231 ./Middlewares/Third_Party/FreeRTOS/Source/portable/GCC/ARM_CM4F/port.o
 .debug_abbrev  0x000000000000424d      0x2d3 ./Middlewares/Third_Party/FreeRTOS/Source/portable/MemMang/heap_4.o

.debug_aranges  0x0000000000000000     0x1548
 .debug_aranges
                0x0000000000000000       0x50 ./Core/Src/main.o
 .debug_aranges
                0x0000000000000050       0x30 ./Core/Src/stm32f4xx_hal_msp.o
 .debug_aranges
                0x0000000000000080       0x30 ./Core/Src/stm32f4xx_hal_timebase_tim.o
 .debug_aranges
                0x00000000000000b0       0x50 ./Core/Src/stm32f4xx_it.o
 .debug_aranges
                0x0000000000000100       0x28 ./Core/Src/system_stm32f4xx.o
 .debug_aranges
                0x0000000000000128       0x28 ./Core/Startup/startup_stm32f401retx.o
 .debug_aranges
                0x0000000000000150       0x20 ./Core/freertos/source/error.o
 .debug_aranges
                0x0000000000000170       0x20 ./Core/freertos/source/freertos_StartTask.o
 .debug_aranges
                0x0000000000000190       0x18 ./Core/freertos/source/freertos_sdfchannel_absxsig.o
 .debug_aranges
                0x00000000000001a8       0x18 ./Core/freertos/source/freertos_sdfchannel_absysig.o
 .debug_aranges
                0x00000000000001c0       0x18 ./Core/freertos/source/freertos_sdfchannel_gxsig.o
 .debug_aranges
                0x00000000000001d8       0x18 ./Core/freertos/source/freertos_sdfchannel_gysig.o
 .debug_aranges
                0x00000000000001f0       0x40 ./Core/freertos/source/freertos_sdfcomb_Abs.o
 .debug_aranges
                0x0000000000000230       0x40 ./Core/freertos/source/freertos_sdfcomb_Gx.o
 .debug_aranges
                0x0000000000000270       0x40 ./Core/freertos/source/freertos_sdfcomb_Gy.o
 .debug_aranges
                0x00000000000002b0       0x40 ./Core/freertos/source/freertos_sdfcomb_getPx.o
 .debug_aranges
                0x00000000000002f0       0x20 ./Core/freertos/source/system.o
 .debug_aranges
                0x0000000000000310       0xf0 ./Drivers/STM32F4xx_HAL_Driver/Src/stm32f4xx_hal.o
 .debug_aranges
                0x0000000000000400      0x118 ./Drivers/STM32F4xx_HAL_Driver/Src/stm32f4xx_hal_cortex.o
 .debug_aranges
                0x0000000000000518       0x58 ./Drivers/STM32F4xx_HAL_Driver/Src/stm32f4xx_hal_gpio.o
 .debug_aranges
                0x0000000000000570       0x88 ./Drivers/STM32F4xx_HAL_Driver/Src/stm32f4xx_hal_rcc.o
 .debug_aranges
                0x00000000000005f8      0x3d0 ./Drivers/STM32F4xx_HAL_Driver/Src/stm32f4xx_hal_tim.o
 .debug_aranges
                0x00000000000009c8      0x168 ./Drivers/STM32F4xx_HAL_Driver/Src/stm32f4xx_hal_tim_ex.o
 .debug_aranges
                0x0000000000000b30      0x200 ./Drivers/STM32F4xx_HAL_Driver/Src/stm32f4xx_hal_uart.o
 .debug_aranges
                0x0000000000000d30      0x2b0 ./Middlewares/Third_Party/FreeRTOS/Source/CMSIS_RTOS_V2/cmsis_os2.o
 .debug_aranges
                0x0000000000000fe0       0x40 ./Middlewares/Third_Party/FreeRTOS/Source/list.o
 .debug_aranges
                0x0000000000001020      0x158 ./Middlewares/Third_Party/FreeRTOS/Source/queue.o
 .debug_aranges
                0x0000000000001178      0x208 ./Middlewares/Third_Party/FreeRTOS/Source/tasks.o
 .debug_aranges
                0x0000000000001380       0xf0 ./Middlewares/Third_Party/FreeRTOS/Source/timers.o
 .debug_aranges
                0x0000000000001470       0x80 ./Middlewares/Third_Party/FreeRTOS/Source/portable/GCC/ARM_CM4F/port.o
 .debug_aranges
                0x00000000000014f0       0x58 ./Middlewares/Third_Party/FreeRTOS/Source/portable/MemMang/heap_4.o

.debug_ranges   0x0000000000000000     0x1370
 .debug_ranges  0x0000000000000000       0x40 ./Core/Src/main.o
 .debug_ranges  0x0000000000000040       0x20 ./Core/Src/stm32f4xx_hal_msp.o
 .debug_ranges  0x0000000000000060       0x20 ./Core/Src/stm32f4xx_hal_timebase_tim.o
 .debug_ranges  0x0000000000000080       0x40 ./Core/Src/stm32f4xx_it.o
 .debug_ranges  0x00000000000000c0       0x18 ./Core/Src/system_stm32f4xx.o
 .debug_ranges  0x00000000000000d8       0x20 ./Core/Startup/startup_stm32f401retx.o
 .debug_ranges  0x00000000000000f8       0x10 ./Core/freertos/source/error.o
 .debug_ranges  0x0000000000000108       0x10 ./Core/freertos/source/freertos_StartTask.o
 .debug_ranges  0x0000000000000118       0x30 ./Core/freertos/source/freertos_sdfcomb_Abs.o
 .debug_ranges  0x0000000000000148       0x30 ./Core/freertos/source/freertos_sdfcomb_Gx.o
 .debug_ranges  0x0000000000000178       0x30 ./Core/freertos/source/freertos_sdfcomb_Gy.o
 .debug_ranges  0x00000000000001a8       0x30 ./Core/freertos/source/freertos_sdfcomb_getPx.o
 .debug_ranges  0x00000000000001d8       0x10 ./Core/freertos/source/system.o
 .debug_ranges  0x00000000000001e8       0xe0 ./Drivers/STM32F4xx_HAL_Driver/Src/stm32f4xx_hal.o
 .debug_ranges  0x00000000000002c8      0x108 ./Drivers/STM32F4xx_HAL_Driver/Src/stm32f4xx_hal_cortex.o
 .debug_ranges  0x00000000000003d0       0x48 ./Drivers/STM32F4xx_HAL_Driver/Src/stm32f4xx_hal_gpio.o
 .debug_ranges  0x0000000000000418       0x78 ./Drivers/STM32F4xx_HAL_Driver/Src/stm32f4xx_hal_rcc.o
 .debug_ranges  0x0000000000000490      0x3c0 ./Drivers/STM32F4xx_HAL_Driver/Src/stm32f4xx_hal_tim.o
 .debug_ranges  0x0000000000000850      0x158 ./Drivers/STM32F4xx_HAL_Driver/Src/stm32f4xx_hal_tim_ex.o
 .debug_ranges  0x00000000000009a8      0x220 ./Drivers/STM32F4xx_HAL_Driver/Src/stm32f4xx_hal_uart.o
 .debug_ranges  0x0000000000000bc8      0x2a0 ./Middlewares/Third_Party/FreeRTOS/Source/CMSIS_RTOS_V2/cmsis_os2.o
 .debug_ranges  0x0000000000000e68       0x30 ./Middlewares/Third_Party/FreeRTOS/Source/list.o
 .debug_ranges  0x0000000000000e98      0x148 ./Middlewares/Third_Party/FreeRTOS/Source/queue.o
 .debug_ranges  0x0000000000000fe0      0x1f8 ./Middlewares/Third_Party/FreeRTOS/Source/tasks.o
 .debug_ranges  0x00000000000011d8       0xe0 ./Middlewares/Third_Party/FreeRTOS/Source/timers.o
 .debug_ranges  0x00000000000012b8       0x70 ./Middlewares/Third_Party/FreeRTOS/Source/portable/GCC/ARM_CM4F/port.o
 .debug_ranges  0x0000000000001328       0x48 ./Middlewares/Third_Party/FreeRTOS/Source/portable/MemMang/heap_4.o

.debug_macro    0x0000000000000000     0x5506
 .debug_macro   0x0000000000000000      0x2a6 ./Core/Src/main.o
 .debug_macro   0x00000000000002a6       0x87 ./Core/Src/main.o
 .debug_macro   0x000000000000032d       0x9a ./Core/Src/main.o
 .debug_macro   0x00000000000003c7       0x97 ./Core/Src/main.o
 .debug_macro   0x000000000000045e       0x6c ./Core/Src/main.o
 .debug_macro   0x00000000000004ca       0x74 ./Core/Src/main.o
 .debug_macro   0x000000000000053e       0xdd ./Core/Src/main.o
 .debug_macro   0x000000000000061b      0x1dd ./Core/Src/stm32f4xx_hal_msp.o
 .debug_macro   0x00000000000007f8      0x1ce ./Core/Src/stm32f4xx_hal_timebase_tim.o
 .debug_macro   0x00000000000009c6      0x1e7 ./Core/Src/stm32f4xx_it.o
 .debug_macro   0x0000000000000bad      0x1ce ./Core/Src/system_stm32f4xx.o
 .debug_macro   0x0000000000000d7b      0x29c ./Core/freertos/source/error.o
 .debug_macro   0x0000000000001017      0x497 ./Core/freertos/source/freertos_StartTask.o
 .debug_macro   0x00000000000014ae       0x52 ./Core/freertos/source/freertos_StartTask.o
 .debug_macro   0x0000000000001500       0xd9 ./Core/freertos/source/freertos_StartTask.o
 .debug_macro   0x00000000000015d9       0x56 ./Core/freertos/source/freertos_StartTask.o
 .debug_macro   0x000000000000162f      0x28c ./Core/freertos/source/freertos_sdfchannel_absxsig.o
 .debug_macro   0x00000000000018bb      0x10e ./Core/freertos/source/freertos_sdfchannel_absxsig.o
 .debug_macro   0x00000000000019c9       0x8d ./Core/freertos/source/freertos_sdfchannel_absxsig.o
 .debug_macro   0x0000000000001a56      0x28c ./Core/freertos/source/freertos_sdfchannel_absysig.o
 .debug_macro   0x0000000000001ce2      0x28c ./Core/freertos/source/freertos_sdfchannel_gxsig.o
 .debug_macro   0x0000000000001f6e      0x28c ./Core/freertos/source/freertos_sdfchannel_gysig.o
 .debug_macro   0x00000000000021fa      0x469 ./Core/freertos/source/freertos_sdfcomb_Abs.o
 .debug_macro   0x0000000000002663      0x469 ./Core/freertos/source/freertos_sdfcomb_Gx.o
 .debug_macro   0x0000000000002acc      0x469 ./Core/freertos/source/freertos_sdfcomb_Gy.o
 .debug_macro   0x0000000000002f35      0x469 ./Core/freertos/source/freertos_sdfcomb_getPx.o
 .debug_macro   0x000000000000339e      0x2c0 ./Core/freertos/source/system.o
 .debug_macro   0x000000000000365e      0x22e ./Drivers/STM32F4xx_HAL_Driver/Src/stm32f4xx_hal.o
 .debug_macro   0x000000000000388c      0x1ce ./Drivers/STM32F4xx_HAL_Driver/Src/stm32f4xx_hal_cortex.o
 .debug_macro   0x0000000000003a5a      0x1d4 ./Drivers/STM32F4xx_HAL_Driver/Src/stm32f4xx_hal_gpio.o
 .debug_macro   0x0000000000003c2e      0x1f2 ./Drivers/STM32F4xx_HAL_Driver/Src/stm32f4xx_hal_rcc.o
 .debug_macro   0x0000000000003e20      0x1cf ./Drivers/STM32F4xx_HAL_Driver/Src/stm32f4xx_hal_tim.o
 .debug_macro   0x0000000000003fef      0x1ce ./Drivers/STM32F4xx_HAL_Driver/Src/stm32f4xx_hal_tim_ex.o
 .debug_macro   0x00000000000041bd      0x1cf ./Drivers/STM32F4xx_HAL_Driver/Src/stm32f4xx_hal_uart.o
 .debug_macro   0x000000000000438c      0x3c5 ./Middlewares/Third_Party/FreeRTOS/Source/CMSIS_RTOS_V2/cmsis_os2.o
 .debug_macro   0x0000000000004751       0x10 ./Middlewares/Third_Party/FreeRTOS/Source/CMSIS_RTOS_V2/cmsis_os2.o
 .debug_macro   0x0000000000004761       0x20 ./Middlewares/Third_Party/FreeRTOS/Source/CMSIS_RTOS_V2/cmsis_os2.o
 .debug_macro   0x0000000000004781       0x10 ./Middlewares/Third_Party/FreeRTOS/Source/CMSIS_RTOS_V2/cmsis_os2.o
 .debug_macro   0x0000000000004791       0xd3 ./Middlewares/Third_Party/FreeRTOS/Source/CMSIS_RTOS_V2/cmsis_os2.o
 .debug_macro   0x0000000000004864       0x91 ./Middlewares/Third_Party/FreeRTOS/Source/CMSIS_RTOS_V2/cmsis_os2.o
 .debug_macro   0x00000000000048f5       0x8d ./Middlewares/Third_Party/FreeRTOS/Source/CMSIS_RTOS_V2/cmsis_os2.o
 .debug_macro   0x0000000000004982       0x22 ./Middlewares/Third_Party/FreeRTOS/Source/CMSIS_RTOS_V2/cmsis_os2.o
 .debug_macro   0x00000000000049a4      0x187 ./Middlewares/Third_Party/FreeRTOS/Source/list.o
 .debug_macro   0x0000000000004b2b      0x216 ./Middlewares/Third_Party/FreeRTOS/Source/queue.o
 .debug_macro   0x0000000000004d41       0x16 ./Middlewares/Third_Party/FreeRTOS/Source/queue.o
 .debug_macro   0x0000000000004d57      0x27f ./Middlewares/Third_Party/FreeRTOS/Source/tasks.o
 .debug_macro   0x0000000000004fd6       0x10 ./Middlewares/Third_Party/FreeRTOS/Source/tasks.o
 .debug_macro   0x0000000000004fe6      0x1dc ./Middlewares/Third_Party/FreeRTOS/Source/timers.o
 .debug_macro   0x00000000000051c2      0x196 ./Middlewares/Third_Party/FreeRTOS/Source/portable/GCC/ARM_CM4F/port.o
 .debug_macro   0x0000000000005358      0x1ae ./Middlewares/Third_Party/FreeRTOS/Source/portable/MemMang/heap_4.o

.debug_line     0x0000000000000000    0x1b96f
 .debug_line    0x0000000000000000      0x9d9 ./Core/Src/main.o
 .debug_line    0x00000000000009d9      0x73c ./Core/Src/stm32f4xx_hal_msp.o
 .debug_line    0x0000000000001115      0x74b ./Core/Src/stm32f4xx_hal_timebase_tim.o
 .debug_line    0x0000000000001860      0x78b ./Core/Src/stm32f4xx_it.o
 .debug_line    0x0000000000001feb      0x770 ./Core/Src/system_stm32f4xx.o
 .debug_line    0x000000000000275b       0x88 ./Core/Startup/startup_stm32f401retx.o
 .debug_line    0x00000000000027e3      0x899 ./Core/freertos/source/error.o
 .debug_line    0x000000000000307c      0xc29 ./Core/freertos/source/freertos_StartTask.o
 .debug_line    0x0000000000003ca5      0x74e ./Core/freertos/source/freertos_sdfchannel_absxsig.o
 .debug_line    0x00000000000043f3      0x74e ./Core/freertos/source/freertos_sdfchannel_absysig.o
 .debug_line    0x0000000000004b41      0x74a ./Core/freertos/source/freertos_sdfchannel_gxsig.o
 .debug_line    0x000000000000528b      0x74a ./Core/freertos/source/freertos_sdfchannel_gysig.o
 .debug_line    0x00000000000059d5      0xc3a ./Core/freertos/source/freertos_sdfcomb_Abs.o
 .debug_line    0x000000000000660f      0xc3d ./Core/freertos/source/freertos_sdfcomb_Gx.o
 .debug_line    0x000000000000724c      0xc2f ./Core/freertos/source/freertos_sdfcomb_Gy.o
 .debug_line    0x0000000000007e7b      0xc24 ./Core/freertos/source/freertos_sdfcomb_getPx.o
 .debug_line    0x0000000000008a9f      0x8d9 ./Core/freertos/source/system.o
 .debug_line    0x0000000000009378      0x9d6 ./Drivers/STM32F4xx_HAL_Driver/Src/stm32f4xx_hal.o
 .debug_line    0x0000000000009d4e      0xc85 ./Drivers/STM32F4xx_HAL_Driver/Src/stm32f4xx_hal_cortex.o
 .debug_line    0x000000000000a9d3      0xb10 ./Drivers/STM32F4xx_HAL_Driver/Src/stm32f4xx_hal_gpio.o
 .debug_line    0x000000000000b4e3      0xd52 ./Drivers/STM32F4xx_HAL_Driver/Src/stm32f4xx_hal_rcc.o
 .debug_line    0x000000000000c235     0x34a4 ./Drivers/STM32F4xx_HAL_Driver/Src/stm32f4xx_hal_tim.o
 .debug_line    0x000000000000f6d9     0x196e ./Drivers/STM32F4xx_HAL_Driver/Src/stm32f4xx_hal_tim_ex.o
 .debug_line    0x0000000000011047     0x2a5d ./Drivers/STM32F4xx_HAL_Driver/Src/stm32f4xx_hal_uart.o
 .debug_line    0x0000000000013aa4     0x23f3 ./Middlewares/Third_Party/FreeRTOS/Source/CMSIS_RTOS_V2/cmsis_os2.o
 .debug_line    0x0000000000015e97      0x73d ./Middlewares/Third_Party/FreeRTOS/Source/list.o
 .debug_line    0x00000000000165d4     0x1707 ./Middlewares/Third_Party/FreeRTOS/Source/queue.o
 .debug_line    0x0000000000017cdb     0x1dbc ./Middlewares/Third_Party/FreeRTOS/Source/tasks.o
 .debug_line    0x0000000000019a97      0xd9a ./Middlewares/Third_Party/FreeRTOS/Source/timers.o
 .debug_line    0x000000000001a831      0x7d7 ./Middlewares/Third_Party/FreeRTOS/Source/portable/GCC/ARM_CM4F/port.o
 .debug_line    0x000000000001b008      0x967 ./Middlewares/Third_Party/FreeRTOS/Source/portable/MemMang/heap_4.o

.debug_str      0x0000000000000000    0x98173
 .debug_str     0x0000000000000000    0x8ccb5 ./Core/Src/main.o
                                      0x8d02c (size before relaxing)
 .debug_str     0x000000000008ccb5      0x3d8 ./Core/Src/stm32f4xx_hal_msp.o
                                      0x86836 (size before relaxing)
 .debug_str     0x000000000008d08d       0xaa ./Core/Src/stm32f4xx_hal_timebase_tim.o
                                      0x8685a (size before relaxing)
 .debug_str     0x000000000008d137       0xab ./Core/Src/stm32f4xx_it.o
                                      0x86474 (size before relaxing)
 .debug_str     0x000000000008d1e2       0xaf ./Core/Src/system_stm32f4xx.o
                                      0x85f2f (size before relaxing)
 .debug_str     0x000000000008d291       0x36 ./Core/Startup/startup_stm32f401retx.o
                                         0x7e (size before relaxing)
 .debug_str     0x000000000008d2c7       0x55 ./Core/freertos/source/error.o
                                      0x8c5bd (size before relaxing)
 .debug_str     0x000000000008d31c     0x4485 ./Core/freertos/source/freertos_StartTask.o
                                      0x90ab3 (size before relaxing)
 .debug_str     0x00000000000917a1       0x36 ./Core/freertos/source/freertos_sdfchannel_absxsig.o
                                       0xd946 (size before relaxing)
 .debug_str     0x00000000000917d7       0x36 ./Core/freertos/source/freertos_sdfchannel_absysig.o
                                       0xd946 (size before relaxing)
 .debug_str     0x000000000009180d       0x34 ./Core/freertos/source/freertos_sdfchannel_gxsig.o
                                       0xd93c (size before relaxing)
 .debug_str     0x0000000000091841       0x34 ./Core/freertos/source/freertos_sdfchannel_gysig.o
                                       0xd93c (size before relaxing)
 .debug_str     0x0000000000091875       0xc3 ./Core/freertos/source/freertos_sdfcomb_Abs.o
                                      0x909f5 (size before relaxing)
 .debug_str     0x0000000000091938       0x93 ./Core/freertos/source/freertos_sdfcomb_Gx.o
                                      0x909ef (size before relaxing)
 .debug_str     0x00000000000919cb       0x85 ./Core/freertos/source/freertos_sdfcomb_Gy.o
                                      0x909ef (size before relaxing)
 .debug_str     0x0000000000091a50       0x79 ./Core/freertos/source/freertos_sdfcomb_getPx.o
                                      0x909e8 (size before relaxing)
 .debug_str     0x0000000000091ac9       0x2b ./Core/freertos/source/system.o
                                      0x8c699 (size before relaxing)
 .debug_str     0x0000000000091af4      0x542 ./Drivers/STM32F4xx_HAL_Driver/Src/stm32f4xx_hal.o
                                      0x868af (size before relaxing)
 .debug_str     0x0000000000092036      0x389 ./Drivers/STM32F4xx_HAL_Driver/Src/stm32f4xx_hal_cortex.o
                                      0x8668c (size before relaxing)
 .debug_str     0x00000000000923bf      0x15f ./Drivers/STM32F4xx_HAL_Driver/Src/stm32f4xx_hal_gpio.o
                                      0x860d6 (size before relaxing)
 .debug_str     0x000000000009251e      0x24f ./Drivers/STM32F4xx_HAL_Driver/Src/stm32f4xx_hal_rcc.o
                                      0x86331 (size before relaxing)
 .debug_str     0x000000000009276d      0xe4d ./Drivers/STM32F4xx_HAL_Driver/Src/stm32f4xx_hal_tim.o
                                      0x8724c (size before relaxing)
 .debug_str     0x00000000000935ba      0x538 ./Drivers/STM32F4xx_HAL_Driver/Src/stm32f4xx_hal_tim_ex.o
                                      0x869fd (size before relaxing)
 .debug_str     0x0000000000093af2      0x604 ./Drivers/STM32F4xx_HAL_Driver/Src/stm32f4xx_hal_uart.o
                                      0x868a5 (size before relaxing)
 .debug_str     0x00000000000940f6     0x11e8 ./Middlewares/Third_Party/FreeRTOS/Source/CMSIS_RTOS_V2/cmsis_os2.o
                                      0x904fe (size before relaxing)
 .debug_str     0x00000000000952de      0x12d ./Middlewares/Third_Party/FreeRTOS/Source/list.o
                                       0xab58 (size before relaxing)
 .debug_str     0x000000000009540b      0x948 ./Middlewares/Third_Party/FreeRTOS/Source/queue.o
                                       0xc4d5 (size before relaxing)
 .debug_str     0x0000000000095d53     0x12ae ./Middlewares/Third_Party/FreeRTOS/Source/tasks.o
                                       0xd037 (size before relaxing)
 .debug_str     0x0000000000097001      0x620 ./Middlewares/Third_Party/FreeRTOS/Source/timers.o
                                       0xca52 (size before relaxing)
 .debug_str     0x0000000000097621      0x817 ./Middlewares/Third_Party/FreeRTOS/Source/portable/GCC/ARM_CM4F/port.o
                                       0x869b (size before relaxing)
 .debug_str     0x0000000000097e38      0x33b ./Middlewares/Third_Party/FreeRTOS/Source/portable/MemMang/heap_4.o
                                       0xb44b (size before relaxing)

.comment        0x0000000000000000       0x53
 .comment       0x0000000000000000       0x53 ./Core/Src/main.o
                                         0x54 (size before relaxing)
 .comment       0x0000000000000053       0x54 ./Core/Src/stm32f4xx_hal_msp.o
 .comment       0x0000000000000053       0x54 ./Core/Src/stm32f4xx_hal_timebase_tim.o
 .comment       0x0000000000000053       0x54 ./Core/Src/stm32f4xx_it.o
 .comment       0x0000000000000053       0x54 ./Core/Src/system_stm32f4xx.o
 .comment       0x0000000000000053       0x54 ./Core/freertos/source/error.o
 .comment       0x0000000000000053       0x54 ./Core/freertos/source/freertos_StartTask.o
 .comment       0x0000000000000053       0x54 ./Core/freertos/source/freertos_sdfchannel_absxsig.o
 .comment       0x0000000000000053       0x54 ./Core/freertos/source/freertos_sdfchannel_absysig.o
 .comment       0x0000000000000053       0x54 ./Core/freertos/source/freertos_sdfchannel_gxsig.o
 .comment       0x0000000000000053       0x54 ./Core/freertos/source/freertos_sdfchannel_gysig.o
 .comment       0x0000000000000053       0x54 ./Core/freertos/source/freertos_sdfcomb_Abs.o
 .comment       0x0000000000000053       0x54 ./Core/freertos/source/freertos_sdfcomb_Gx.o
 .comment       0x0000000000000053       0x54 ./Core/freertos/source/freertos_sdfcomb_Gy.o
 .comment       0x0000000000000053       0x54 ./Core/freertos/source/freertos_sdfcomb_getPx.o
 .comment       0x0000000000000053       0x54 ./Core/freertos/source/system.o
 .comment       0x0000000000000053       0x54 ./Drivers/STM32F4xx_HAL_Driver/Src/stm32f4xx_hal.o
 .comment       0x0000000000000053       0x54 ./Drivers/STM32F4xx_HAL_Driver/Src/stm32f4xx_hal_cortex.o
 .comment       0x0000000000000053       0x54 ./Drivers/STM32F4xx_HAL_Driver/Src/stm32f4xx_hal_gpio.o
 .comment       0x0000000000000053       0x54 ./Drivers/STM32F4xx_HAL_Driver/Src/stm32f4xx_hal_rcc.o
 .comment       0x0000000000000053       0x54 ./Drivers/STM32F4xx_HAL_Driver/Src/stm32f4xx_hal_tim.o
 .comment       0x0000000000000053       0x54 ./Drivers/STM32F4xx_HAL_Driver/Src/stm32f4xx_hal_tim_ex.o
 .comment       0x0000000000000053       0x54 ./Drivers/STM32F4xx_HAL_Driver/Src/stm32f4xx_hal_uart.o